Component: ARM Compiler 5.06 update 7 (build 960) Tool: armlink [4d3601]

==============================================================================

Section Cross References

    main.o(i.main) refers to global.o(i.GPIO_INIT) for GPIO_INIT
    main.o(i.main) refers to global.o(i.UART_INIT) for UART_INIT
    main.o(i.main) refers to noretval__2printf.o(.text) for __2printf
    main.o(i.main) refers to app_uart_fifo.o(i.app_uart_put) for app_uart_put
    main.o(i.main) refers to app_uart_fifo.o(i.app_uart_get) for app_uart_get
    main.o(i.main) refers to main.o(.constdata) for .constdata
    global.o(i.UART_INIT) refers to rt_memcpy_w.o(.text) for __aeabi_memcpy4
    global.o(i.UART_INIT) refers to app_uart_fifo.o(i.app_uart_init) for app_uart_init
    global.o(i.UART_INIT) refers to app_error.o(i.app_error_handler_bare) for app_error_handler_bare
    global.o(i.UART_INIT) refers to global.o(.constdata) for .constdata
    global.o(i.UART_INIT) refers to global.o(.bss) for .bss
    global.o(i.UART_INIT) refers to global.o(i.uart_error_handle) for uart_error_handle
    global.o(i.uart_error_handle) refers to app_error.o(i.app_error_handler_bare) for app_error_handler_bare
    nrf_drv_uart.o(i.nrf_drv_uart_init) refers to rt_memcpy_w.o(.text) for __aeabi_memcpy4
    nrf_drv_uart.o(i.nrf_drv_uart_init) refers to nrfx_uarte.o(i.nrfx_uarte_init) for nrfx_uarte_init
    nrf_drv_uart.o(i.nrf_drv_uart_init) refers to nrfx_uart.o(i.nrfx_uart_init) for nrfx_uart_init
    nrf_drv_uart.o(i.nrf_drv_uart_init) refers to nrf_drv_uart.o(.data) for .data
    nrf_drv_uart.o(i.nrf_drv_uart_init) refers to nrf_drv_uart.o(i.uarte_evt_handler) for uarte_evt_handler
    nrf_drv_uart.o(i.nrf_drv_uart_init) refers to nrf_drv_uart.o(i.uart_evt_handler) for uart_evt_handler
    nrf_drv_uart.o(i.uart_evt_handler) refers to nrf_drv_uart.o(.data) for .data
    nrf_drv_uart.o(i.uarte_evt_handler) refers to nrf_drv_uart.o(.data) for .data
    nrfx_atomic.o(i.nrfx_atomic_flag_clear) refers to nrfx_atomic.o(i.nrfx_atomic_u32_and) for nrfx_atomic_u32_and
    nrfx_atomic.o(i.nrfx_atomic_flag_clear_fetch) refers to nrfx_atomic.o(i.nrfx_atomic_u32_fetch_and) for nrfx_atomic_u32_fetch_and
    nrfx_atomic.o(i.nrfx_atomic_flag_set) refers to nrfx_atomic.o(i.nrfx_atomic_u32_or) for nrfx_atomic_u32_or
    nrfx_atomic.o(i.nrfx_atomic_flag_set_fetch) refers to nrfx_atomic.o(i.nrfx_atomic_u32_fetch_or) for nrfx_atomic_u32_fetch_or
    nrfx_atomic.o(i.nrfx_atomic_u32_add) refers to nrfx_atomic.o(.emb_text) for __asm___13_nrfx_atomic_c_3bd32246__nrfx_atomic_internal_add
    nrfx_atomic.o(i.nrfx_atomic_u32_and) refers to nrfx_atomic.o(.emb_text) for __asm___13_nrfx_atomic_c_3bd32246__nrfx_atomic_internal_and
    nrfx_atomic.o(i.nrfx_atomic_u32_cmp_exch) refers to nrfx_atomic.o(.emb_text) for __asm___13_nrfx_atomic_c_3bd32246__nrfx_atomic_internal_cmp_exch
    nrfx_atomic.o(i.nrfx_atomic_u32_fetch_add) refers to nrfx_atomic.o(.emb_text) for __asm___13_nrfx_atomic_c_3bd32246__nrfx_atomic_internal_add
    nrfx_atomic.o(i.nrfx_atomic_u32_fetch_and) refers to nrfx_atomic.o(.emb_text) for __asm___13_nrfx_atomic_c_3bd32246__nrfx_atomic_internal_and
    nrfx_atomic.o(i.nrfx_atomic_u32_fetch_or) refers to nrfx_atomic.o(.emb_text) for __asm___13_nrfx_atomic_c_3bd32246__nrfx_atomic_internal_orr
    nrfx_atomic.o(i.nrfx_atomic_u32_fetch_store) refers to nrfx_atomic.o(.emb_text) for __asm___13_nrfx_atomic_c_3bd32246__nrfx_atomic_internal_mov
    nrfx_atomic.o(i.nrfx_atomic_u32_fetch_sub) refers to nrfx_atomic.o(.emb_text) for __asm___13_nrfx_atomic_c_3bd32246__nrfx_atomic_internal_sub
    nrfx_atomic.o(i.nrfx_atomic_u32_fetch_sub_hs) refers to nrfx_atomic.o(.emb_text) for __asm___13_nrfx_atomic_c_3bd32246__nrfx_atomic_internal_sub_hs
    nrfx_atomic.o(i.nrfx_atomic_u32_fetch_xor) refers to nrfx_atomic.o(.emb_text) for __asm___13_nrfx_atomic_c_3bd32246__nrfx_atomic_internal_eor
    nrfx_atomic.o(i.nrfx_atomic_u32_or) refers to nrfx_atomic.o(.emb_text) for __asm___13_nrfx_atomic_c_3bd32246__nrfx_atomic_internal_orr
    nrfx_atomic.o(i.nrfx_atomic_u32_store) refers to nrfx_atomic.o(.emb_text) for __asm___13_nrfx_atomic_c_3bd32246__nrfx_atomic_internal_mov
    nrfx_atomic.o(i.nrfx_atomic_u32_sub) refers to nrfx_atomic.o(.emb_text) for __asm___13_nrfx_atomic_c_3bd32246__nrfx_atomic_internal_sub
    nrfx_atomic.o(i.nrfx_atomic_u32_sub_hs) refers to nrfx_atomic.o(.emb_text) for __asm___13_nrfx_atomic_c_3bd32246__nrfx_atomic_internal_sub_hs
    nrfx_atomic.o(i.nrfx_atomic_u32_xor) refers to nrfx_atomic.o(.emb_text) for __asm___13_nrfx_atomic_c_3bd32246__nrfx_atomic_internal_eor
    nrfx_prs.o(i.UARTE0_UART0_IRQHandler) refers to nrfx_prs.o(.data) for .data
    nrfx_prs.o(i.nrfx_prs_acquire) refers to nrfx_prs.o(i.prs_box_get) for prs_box_get
    nrfx_prs.o(i.nrfx_prs_acquire) refers to app_util_platform.o(i.app_util_critical_region_enter) for app_util_critical_region_enter
[...]
    libinit.o(.ARM.Collect$$libinit$$00000000) refers (Special) to libinit2.o(.ARM.Collect$$libinit$$00000011) for __rt_lib_init_lc_collate_1
    libinit.o(.ARM.Collect$$libinit$$00000000) refers (Special) to libinit2.o(.ARM.Collect$$libinit$$00000013) for __rt_lib_init_lc_ctype_1
    libinit.o(.ARM.Collect$$libinit$$00000000) refers (Special) to libinit2.o(.ARM.Collect$$libinit$$00000015) for __rt_lib_init_lc_monetary_1
    libinit.o(.ARM.Collect$$libinit$$00000000) refers (Special) to libinit2.o(.ARM.Collect$$libinit$$00000017) for __rt_lib_init_lc_numeric_1
    libinit.o(.ARM.Collect$$libinit$$00000000) refers (Special) to libinit2.o(.ARM.Collect$$libinit$$00000019) for __rt_lib_init_lc_time_1
    libinit.o(.ARM.Collect$$libinit$$00000000) refers (Special) to libinit2.o(.ARM.Collect$$libinit$$00000004) for __rt_lib_init_preinit_1
    libinit.o(.ARM.Collect$$libinit$$00000000) refers (Special) to libinit2.o(.ARM.Collect$$libinit$$0000000E) for __rt_lib_init_rand_1
    libinit.o(.ARM.Collect$$libinit$$00000000) refers (Special) to libinit2.o(.ARM.Collect$$libinit$$00000033) for __rt_lib_init_return
    libinit.o(.ARM.Collect$$libinit$$00000000) refers (Special) to libinit2.o(.ARM.Collect$$libinit$$0000001D) for __rt_lib_init_signal_1
    libinit.o(.ARM.Collect$$libinit$$00000000) refers (Special) to libinit2.o(.ARM.Collect$$libinit$$00000025) for __rt_lib_init_stdio_1
    libinit.o(.ARM.Collect$$libinit$$00000000) refers (Special) to libinit2.o(.ARM.Collect$$libinit$$0000000C) for __rt_lib_init_user_alloc_1
    libspace.o(.text) refers to libspace.o(.bss) for __libspace_start
    rtexit.o(.ARM.Collect$$rtexit$$00000000) refers (Special) to rtexit2.o(.ARM.Collect$$rtexit$$00000004) for __rt_exit_exit
    rtexit.o(.ARM.Collect$$rtexit$$00000000) refers (Special) to rtexit2.o(.ARM.Collect$$rtexit$$00000003) for __rt_exit_ls
    rtexit.o(.ARM.Collect$$rtexit$$00000000) refers (Special) to rtexit2.o(.ARM.Collect$$rtexit$$00000002) for __rt_exit_prels_1
    rtexit.o(.ARM.exidx) refers (Special) to rtexit2.o(.ARM.Collect$$rtexit$$00000004) for __rt_exit_exit
    rtexit.o(.ARM.exidx) refers (Special) to rtexit2.o(.ARM.Collect$$rtexit$$00000003) for __rt_exit_ls
    rtexit.o(.ARM.exidx) refers (Special) to rtexit2.o(.ARM.Collect$$rtexit$$00000002) for __rt_exit_prels_1
    rtexit.o(.ARM.exidx) refers to rtexit.o(.ARM.Collect$$rtexit$$00000000) for .ARM.Collect$$rtexit$$00000000
    libinit2.o(.ARM.Collect$$libinit$$00000001) refers to fpinit.o(x$fpl$fpinit) for _fp_init
    libinit2.o(.ARM.Collect$$libinit$$00000010) refers to libinit2.o(.ARM.Collect$$libinit$$0000000F) for .ARM.Collect$$libinit$$0000000F
    libinit2.o(.ARM.Collect$$libinit$$00000012) refers to libinit2.o(.ARM.Collect$$libinit$$0000000F) for .ARM.Collect$$libinit$$0000000F
    libinit2.o(.ARM.Collect$$libinit$$00000014) refers to libinit2.o(.ARM.Collect$$libinit$$0000000F) for .ARM.Collect$$libinit$$0000000F
    libinit2.o(.ARM.Collect$$libinit$$00000016) refers to libinit2.o(.ARM.Collect$$libinit$$0000000F) for .ARM.Collect$$libinit$$0000000F
    libinit2.o(.ARM.Collect$$libinit$$00000018) refers to libinit2.o(.ARM.Collect$$libinit$$0000000F) for .ARM.Collect$$libinit$$0000000F
    libinit2.o(.ARM.Collect$$libinit$$00000026) refers to argv_veneer.o(.emb_text) for __ARM_argv_veneer
    libinit2.o(.ARM.Collect$$libinit$$00000027) refers to argv_veneer.o(.emb_text) for __ARM_argv_veneer
    rtexit2.o(.ARM.Collect$$rtexit$$00000003) refers to libshutdown.o(.ARM.Collect$$libshutdown$$00000000) for __rt_lib_shutdown
    rtexit2.o(.ARM.Collect$$rtexit$$00000004) refers to sys_exit.o(.text) for _sys_exit
    rtexit2.o(.ARM.exidx) refers to rtexit2.o(.ARM.Collect$$rtexit$$00000001) for .ARM.Collect$$rtexit$$00000001
    rtexit2.o(.ARM.exidx) refers to rtexit2.o(.ARM.Collect$$rtexit$$00000003) for .ARM.Collect$$rtexit$$00000003
    rtexit2.o(.ARM.exidx) refers to rtexit2.o(.ARM.Collect$$rtexit$$00000004) for .ARM.Collect$$rtexit$$00000004
    argv_veneer.o(.emb_text) refers to no_argv.o(.text) for __ARM_get_argv
    sys_exit.o(.text) refers (Special) to use_no_semi.o(.text) for __I$use$semihosting
    sys_exit.o(.text) refers (Special) to indicate_semi.o(.text) for __semihosting_library_function
    _get_argv_nomalloc.o(.text) refers (Special) to hrguard.o(.text) for __heap_region$guard
    _get_argv_nomalloc.o(.text) refers to defsig_rtmem_outer.o(.text) for __rt_SIGRTMEM
    _get_argv_nomalloc.o(.text) refers to sys_command.o(.text) for _sys_command_string
    libshutdown.o(.ARM.Collect$$libshutdown$$00000000) refers (Special) to libshutdown2.o(.ARM.Collect$$libshutdown$$00000004) for __rt_lib_shutdown_cpp_1
    libshutdown.o(.ARM.Collect$$libshutdown$$00000000) refers (Special) to libshutdown2.o(.ARM.Collect$$libshutdown$$00000002) for __rt_lib_shutdown_fini_1
    libshutdown.o(.ARM.Collect$$libshutdown$$00000000) refers (Special) to libshutdown2.o(.ARM.Collect$$libshutdown$$00000009) for __rt_lib_shutdown_fp_trap_1
    libshutdown.o(.ARM.Collect$$libshutdown$$00000000) refers (Special) to libshutdown2.o(.ARM.Collect$$libshutdown$$00000011) for __rt_lib_shutdown_heap_1
    libshutdown.o(.ARM.Collect$$libshutdown$$00000000) refers (Special) to libshutdown2.o(.ARM.Collect$$libshutdown$$00000012) for __rt_lib_shutdown_return
    libshutdown.o(.ARM.Collect$$libshutdown$$00000000) refers (Special) to libshutdown2.o(.ARM.Collect$$libshutdown$$0000000C) for __rt_lib_shutdown_signal_1
    libshutdown.o(.ARM.Collect$$libshutdown$$00000000) refers (Special) to libshutdown2.o(.ARM.Collect$$libshutdown$$00000006) for __rt_lib_shutdown_stdio_1
    libshutdown.o(.ARM.Collect$$libshutdown$$00000000) refers (Special) to libshutdown2.o(.ARM.Collect$$libshutdown$$0000000E) for __rt_lib_shutdown_user_alloc_1
    sys_command.o(.text) refers (Special) to use_no_semi.o(.text) for __I$use$semihosting
    sys_command.o(.text) refers (Special) to indicate_semi.o(.text) for __semihosting_library_function
    defsig_rtmem_outer.o(.text) refers to defsig_rtmem_inner.o(.text) for __rt_SIGRTMEM_inner
    defsig_rtmem_outer.o(.text) refers to defsig_exit.o(.text) for __sig_exit
    defsig_rtmem_formal.o(.text) refers to rt_raise.o(.text) for __rt_raise
    rt_raise.o(.text) refers to __raise.o(.text) for __raise
    rt_raise.o(.text) refers to sys_exit.o(.text) for _sys_exit
    defsig_exit.o(.text) refers to sys_exit.o(.text) for _sys_exit
    defsig_rtmem_inner.o(.text) refers to defsig_general.o(.text) for __default_signal_display
    __raise.o(.text) refers to defsig.o(CL$$defsig) for __default_signal_handler
    defsig_general.o(.text) refers to sys_wrch.o(.text) for _ttywrch
    sys_wrch.o(.text) refers (Special) to use_no_semi.o(.text) for __I$use$semihosting
    sys_wrch.o(.text) refers (Special) to indicate_semi.o(.text) for __semihosting_library_function
    defsig.o(CL$$defsig) refers to defsig_rtmem_inner.o(.text) for __rt_SIGRTMEM_inner
    defsig_abrt_inner.o(.text) refers to defsig_general.o(.text) for __default_signal_display
    defsig_fpe_inner.o(.text) refers to defsig_general.o(.text) for __default_signal_display
    defsig_rtred_inner.o(.text) refers to defsig_general.o(.text) for __default_signal_display
    defsig_stak_inner.o(.text) refers to defsig_general.o(.text) for __default_signal_display
    defsig_pvfn_inner.o(.text) refers to defsig_general.o(.text) for __default_signal_display
    defsig_cppl_inner.o(.text) refers to defsig_general.o(.text) for __default_signal_display
    defsig_segv_inner.o(.text) refers to defsig_general.o(.text) for __default_signal_display
    defsig_other.o(.text) refers to defsig_general.o(.text) for __default_signal_display


==============================================================================

Removing Unused input sections from the image.

    Removing main.o(.rev16_text), (4 bytes).
    Removing main.o(.revsh_text), (4 bytes).
    Removing main.o(.rrx_text), (6 bytes).
    Removing global.o(.rev16_text), (4 bytes).
    Removing global.o(.revsh_text), (4 bytes).
    Removing global.o(.rrx_text), (6 bytes).
    Removing nrf_drv_uart.o(.rev16_text), (4 bytes).
    Removing nrf_drv_uart.o(.revsh_text), (4 bytes).
    Removing nrf_drv_uart.o(.rrx_text), (6 bytes).
    Removing nrfx_atomic.o(.rev16_text), (4 bytes).
    Removing nrfx_atomic.o(.revsh_text), (4 bytes).
    Removing nrfx_atomic.o(.rrx_text), (6 bytes).
    Removing nrfx_atomic.o(.emb_text), (226 bytes).
    Removing nrfx_atomic.o(i.nrfx_atomic_flag_clear), (6 bytes).
    Removing nrfx_atomic.o(i.nrfx_atomic_flag_clear_fetch), (6 bytes).
    Removing nrfx_atomic.o(i.nrfx_atomic_flag_set), (6 bytes).
    Removing nrfx_atomic.o(i.nrfx_atomic_flag_set_fetch), (6 bytes).
    Removing nrfx_atomic.o(i.nrfx_atomic_u32_add), (12 bytes).
    Removing nrfx_atomic.o(i.nrfx_atomic_u32_and), (12 bytes).
    Removing nrfx_atomic.o(i.nrfx_atomic_u32_cmp_exch), (4 bytes).
    Removing nrfx_atomic.o(i.nrfx_atomic_u32_fetch_add), (10 bytes).
    Removing nrfx_atomic.o(i.nrfx_atomic_u32_fetch_and), (10 bytes).
    Removing nrfx_atomic.o(i.nrfx_atomic_u32_fetch_or), (10 bytes).
    Removing nrfx_atomic.o(i.nrfx_atomic_u32_fetch_store), (10 bytes).
    Removing nrfx_atomic.o(i.nrfx_atomic_u32_fetch_sub), (10 bytes).
    Removing nrfx_atomic.o(i.nrfx_atomic_u32_fetch_sub_hs), (10 bytes).
    Removing nrfx_atomic.o(i.nrfx_atomic_u32_fetch_xor), (10 bytes).
    Removing nrfx_atomic.o(i.nrfx_atomic_u32_or), (12 bytes).
    Removing nrfx_atomic.o(i.nrfx_atomic_u32_store), (12 bytes).
    Removing nrfx_atomic.o(i.nrfx_atomic_u32_sub), (12 bytes).
    Removing nrfx_atomic.o(i.nrfx_atomic_u32_sub_hs), (12 bytes).
    Removing nrfx_atomic.o(i.nrfx_atomic_u32_xor), (12 bytes).
    Removing nrfx_prs.o(.rev16_text), (4 bytes).
    Removing nrfx_prs.o(.revsh_text), (4 bytes).
    Removing nrfx_prs.o(.rrx_text), (6 bytes).
    Removing nrfx_prs.o(i.nrfx_prs_release), (18 bytes).
    Removing nrfx_prs.o(.constdata), (17 bytes).
    Removing nrfx_uart.o(.rev16_text), (4 bytes).
    Removing nrfx_uart.o(.revsh_text), (4 bytes).
    Removing nrfx_uart.o(.rrx_text), (6 bytes).
    Removing nrfx_uart.o(i.nrf_gpio_cfg_default), (18 bytes).
    Removing nrfx_uart.o(i.nrfx_uart_errorsrc_get), (26 bytes).
    Removing nrfx_uart.o(i.nrfx_uart_rx_abort), (18 bytes).
    Removing nrfx_uart.o(i.nrfx_uart_rx_disable), (36 bytes).
    Removing nrfx_uart.o(i.nrfx_uart_rx_enable), (60 bytes).
    Removing nrfx_uart.o(i.nrfx_uart_rx_ready), (14 bytes).
    Removing nrfx_uart.o(i.nrfx_uart_tx_abort), (48 bytes).
    Removing nrfx_uart.o(i.nrfx_uart_uninit), (192 bytes).
    Removing nrfx_uart.o(.constdata), (15 bytes).
    Removing nrfx_uart.o(.constdata), (13 bytes).
    Removing nrfx_uart.o(.constdata), (13 bytes).
    Removing nrfx_uarte.o(.rev16_text), (4 bytes).
    Removing nrfx_uarte.o(.revsh_text), (4 bytes).
    Removing nrfx_uarte.o(.rrx_text), (6 bytes).
    Removing nrfx_uarte.o(i.nrf_gpio_cfg_default), (18 bytes).
    Removing nrfx_uarte.o(i.nrfx_uarte_errorsrc_get), (26 bytes).
    Removing nrfx_uarte.o(i.nrfx_uarte_rx_abort), (44 bytes).
    Removing nrfx_uarte.o(i.nrfx_uarte_rx_ready), (14 bytes).
    Removing nrfx_uarte.o(i.nrfx_uarte_tx_abort), (56 bytes).
    Removing nrfx_uarte.o(i.nrfx_uarte_uninit), (264 bytes).
    Removing nrfx_uarte.o(.constdata), (16 bytes).
    Removing nrfx_uarte.o(.constdata), (14 bytes).
    Removing nrfx_uarte.o(.constdata), (14 bytes).
    Removing app_error.o(.rev16_text), (4 bytes).
    Removing app_error.o(.revsh_text), (4 bytes).
    Removing app_error.o(.rrx_text), (6 bytes).
    Removing app_error.o(i.app_error_save_and_stop), (100 bytes).
    Removing app_error.o(.bss), (32 bytes).
    Removing app_error_handler_keil.o(.rev16_text), (4 bytes).
    Removing app_error_handler_keil.o(.revsh_text), (4 bytes).
    Removing app_error_handler_keil.o(.rrx_text), (6 bytes).
    Removing app_error_handler_keil.o(.emb_text), (26 bytes).
    Removing app_error_weak.o(.rev16_text), (4 bytes).
    Removing app_error_weak.o(.revsh_text), (4 bytes).
    Removing app_error_weak.o(.rrx_text), (6 bytes).
    Removing app_fifo.o(.rev16_text), (4 bytes).
    Removing app_fifo.o(.revsh_text), (4 bytes).
    Removing app_fifo.o(.rrx_text), (6 bytes).
    Removing app_fifo.o(i.app_fifo_flush), (8 bytes).
    Removing app_fifo.o(i.app_fifo_peek), (34 bytes).
    Removing app_fifo.o(i.app_fifo_read), (74 bytes).
    Removing app_fifo.o(i.app_fifo_write), (82 bytes).
    Removing app_uart_fifo.o(.rev16_text), (4 bytes).
    Removing app_uart_fifo.o(.revsh_text), (4 bytes).
    Removing app_uart_fifo.o(.rrx_text), (6 bytes).
    Removing app_uart_fifo.o(i.app_uart_close), (40 bytes).
    Removing app_uart_fifo.o(i.app_uart_flush), (32 bytes).
    Removing app_util_platform.o(.rev16_text), (4 bytes).
    Removing app_util_platform.o(.revsh_text), (4 bytes).
    Removing app_util_platform.o(.rrx_text), (6 bytes).
    Removing app_util_platform.o(i.current_int_priority_get), (48 bytes).
    Removing app_util_platform.o(i.privilege_level_get), (26 bytes).
    Removing nrf_assert.o(.rev16_text), (4 bytes).
    Removing nrf_assert.o(.revsh_text), (4 bytes).
    Removing nrf_assert.o(.rrx_text), (6 bytes).
    Removing nrf_assert.o(i.assert_nrf_callback), (20 bytes).
    Removing nrf_atomic.o(.rev16_text), (4 bytes).
    Removing nrf_atomic.o(.revsh_text), (4 bytes).
    Removing nrf_atomic.o(.rrx_text), (6 bytes).
    Removing nrf_atomic.o(.emb_text), (226 bytes).
    Removing nrf_atomic.o(i.nrf_atomic_flag_clear), (6 bytes).
    Removing nrf_atomic.o(i.nrf_atomic_flag_clear_fetch), (6 bytes).
    Removing nrf_atomic.o(i.nrf_atomic_flag_set), (6 bytes).
    Removing nrf_atomic.o(i.nrf_atomic_flag_set_fetch), (6 bytes).
    Removing nrf_atomic.o(i.nrf_atomic_u32_add), (12 bytes).
    Removing nrf_atomic.o(i.nrf_atomic_u32_and), (12 bytes).
    Removing nrf_atomic.o(i.nrf_atomic_u32_cmp_exch), (4 bytes).
    Removing nrf_atomic.o(i.nrf_atomic_u32_fetch_add), (10 bytes).
    Removing nrf_atomic.o(i.nrf_atomic_u32_fetch_and), (10 bytes).
    Removing nrf_atomic.o(i.nrf_atomic_u32_fetch_or), (10 bytes).
    Removing nrf_atomic.o(i.nrf_atomic_u32_fetch_store), (10 bytes).
    Removing nrf_atomic.o(i.nrf_atomic_u32_fetch_sub), (10 bytes).
    Removing nrf_atomic.o(i.nrf_atomic_u32_fetch_sub_hs), (10 bytes).
    Removing nrf_atomic.o(i.nrf_atomic_u32_fetch_xor), (10 bytes).
    Removing nrf_atomic.o(i.nrf_atomic_u32_or), (12 bytes).
    Removing nrf_atomic.o(i.nrf_atomic_u32_store), (12 bytes).
    Removing nrf_atomic.o(i.nrf_atomic_u32_sub), (12 bytes).
    Removing nrf_atomic.o(i.nrf_atomic_u32_sub_hs), (12 bytes).
    Removing nrf_atomic.o(i.nrf_atomic_u32_xor), (12 bytes).
    Removing nrf_balloc.o(.rev16_text), (4 bytes).
    Removing nrf_balloc.o(.revsh_text), (4 bytes).
    Removing nrf_balloc.o(.rrx_text), (6 bytes).
    Removing nrf_balloc.o(i.nrf_balloc_alloc), (62 bytes).
    Removing nrf_balloc.o(i.nrf_balloc_free), (42 bytes).
    Removing nrf_balloc.o(i.nrf_balloc_init), (48 bytes).
    Removing nrf_fprintf.o(.rev16_text), (4 bytes).
    Removing nrf_fprintf.o(.revsh_text), (4 bytes).
    Removing nrf_fprintf.o(.rrx_text), (6 bytes).
    Removing nrf_fprintf.o(i.nrf_fprintf), (26 bytes).
    Removing nrf_fprintf.o(i.nrf_fprintf_buffer_flush), (24 bytes).
    Removing nrf_fprintf_format.o(.rev16_text), (4 bytes).
    Removing nrf_fprintf_format.o(.revsh_text), (4 bytes).
    Removing nrf_fprintf_format.o(.rrx_text), (6 bytes).
    Removing nrf_fprintf_format.o(i.buffer_add), (46 bytes).
    Removing nrf_fprintf_format.o(i.int_print), (166 bytes).
    Removing nrf_fprintf_format.o(i.nrf_fprintf_fmt), (474 bytes).
    Removing nrf_fprintf_format.o(i.unsigned_print), (180 bytes).
    Removing nrf_fprintf_format.o(.constdata), (16 bytes).
    Removing nrf_memobj.o(.rev16_text), (4 bytes).
    Removing nrf_memobj.o(.revsh_text), (4 bytes).
    Removing nrf_memobj.o(.rrx_text), (6 bytes).
    Removing nrf_memobj.o(i.memobj_op), (126 bytes).
    Removing nrf_memobj.o(i.nrf_memobj_alloc), (96 bytes).
    Removing nrf_memobj.o(i.nrf_memobj_free), (50 bytes).
    Removing nrf_memobj.o(i.nrf_memobj_get), (8 bytes).
    Removing nrf_memobj.o(i.nrf_memobj_pool_init), (4 bytes).
    Removing nrf_memobj.o(i.nrf_memobj_put), (30 bytes).
    Removing nrf_memobj.o(i.nrf_memobj_read), (16 bytes).
    Removing nrf_memobj.o(i.nrf_memobj_write), (16 bytes).
    Removing nrf_ringbuf.o(.rev16_text), (4 bytes).
    Removing nrf_ringbuf.o(.revsh_text), (4 bytes).
    Removing nrf_ringbuf.o(.rrx_text), (6 bytes).
    Removing nrf_ringbuf.o(i.nrf_ringbuf_alloc), (112 bytes).
    Removing nrf_ringbuf.o(i.nrf_ringbuf_cpy_get), (128 bytes).
    Removing nrf_ringbuf.o(i.nrf_ringbuf_cpy_put), (118 bytes).
    Removing nrf_ringbuf.o(i.nrf_ringbuf_free), (38 bytes).
    Removing nrf_ringbuf.o(i.nrf_ringbuf_get), (112 bytes).
    Removing nrf_ringbuf.o(i.nrf_ringbuf_init), (28 bytes).
    Removing nrf_ringbuf.o(i.nrf_ringbuf_put), (48 bytes).
    Removing nrf_strerror.o(.rev16_text), (4 bytes).
    Removing nrf_strerror.o(.revsh_text), (4 bytes).
    Removing nrf_strerror.o(.rrx_text), (6 bytes).
    Removing nrf_strerror.o(i.nrf_strerror_find), (56 bytes).
    Removing nrf_strerror.o(i.nrf_strerror_get), (20 bytes).
    Removing nrf_strerror.o(.constdata), (300 bytes).
    Removing nrf_strerror.o(.conststring), (957 bytes).
    Removing retarget.o(.rev16_text), (4 bytes).
    Removing retarget.o(.revsh_text), (4 bytes).
    Removing retarget.o(.rrx_text), (6 bytes).
    Removing retarget.o(i.fgetc), (18 bytes).
    Removing retarget.o(.data), (4 bytes).
    Removing system_nrf52.o(.rev16_text), (4 bytes).
    Removing system_nrf52.o(.revsh_text), (4 bytes).
    Removing system_nrf52.o(.rrx_text), (6 bytes).
    Removing system_nrf52.o(i.SystemCoreClockUpdate), (16 bytes).
    Removing system_nrf52.o(i.nvmc_config), (24 bytes).
    Removing system_nrf52.o(i.nvmc_wait), (16 bytes).

177 unused section(s) (total 6039 bytes) removed from the image.

==============================================================================

Image Symbol Table

    Local Symbols

    Symbol Name                              Value     Ov Type        Size  Object(Section)

    RESET                                    0x00000000   Section      512  arm_startup_nrf52833.o(RESET)
    ../clib/angel/boardlib.s                 0x00000000   Number         0  boardinit1.o ABSOLUTE
    ../clib/angel/boardlib.s                 0x00000000   Number         0  boardinit2.o ABSOLUTE
    ../clib/angel/boardlib.s                 0x00000000   Number         0  boardinit3.o ABSOLUTE
    ../clib/angel/boardlib.s                 0x00000000   Number         0  boardshut.o ABSOLUTE
    ../clib/angel/handlers.s                 0x00000000   Number         0  __scatter_zi.o ABSOLUTE
    ../clib/angel/handlers.s                 0x00000000   Number         0  __scatter_copy.o ABSOLUTE
    ../clib/angel/kernel.s                   0x00000000   Number         0  __rtentry4.o ABSOLUTE
    ../clib/angel/kernel.s                   0x00000000   Number         0  __rtentry2.o ABSOLUTE
    ../clib/angel/kernel.s                   0x00000000   Number         0  rtexit.o ABSOLUTE
    ../clib/angel/kernel.s                   0x00000000   Number         0  __rtentry.o ABSOLUTE
    ../clib/angel/kernel.s                   0x00000000   Number         0  rtexit2.o ABSOLUTE
    ../clib/angel/rt.s                       0x00000000   Number         0  rt_raise.o ABSOLUTE
    ../clib/angel/scatter.s                  0x00000000   Number         0  __scatter.o ABSOLUTE
    ../clib/angel/startup.s                  0x00000000   Number         0  __main.o ABSOLUTE
    ../clib/angel/sys.s                      0x00000000   Number         0  sys_stackheap_outer.o ABSOLUTE
    ../clib/angel/sys.s                      0x00000000   Number         0  indicate_semi.o ABSOLUTE
    ../clib/angel/sys.s                      0x00000000   Number         0  libspace.o ABSOLUTE
    ../clib/angel/sys.s                      0x00000000   Number         0  use_no_semi.o ABSOLUTE
    ../clib/angel/sysapp.c                   0x00000000   Number         0  sys_wrch.o ABSOLUTE
    ../clib/angel/sysapp.c                   0x00000000   Number         0  sys_exit.o ABSOLUTE
    ../clib/angel/sysapp.c                   0x00000000   Number         0  sys_command.o ABSOLUTE
    ../clib/armsys.c                         0x00000000   Number         0  argv_veneer.o ABSOLUTE
    ../clib/armsys.c                         0x00000000   Number         0  argv_veneer.o ABSOLUTE
    ../clib/armsys.c                         0x00000000   Number         0  _get_argv_nomalloc.o ABSOLUTE
    ../clib/armsys.c                         0x00000000   Number         0  no_argv.o ABSOLUTE
    ../clib/heapalloc.c                      0x00000000   Number         0  hrguard.o ABSOLUTE
    ../clib/heapaux.c                        0x00000000   Number         0  heapauxi.o ABSOLUTE
    ../clib/libinit.s                        0x00000000   Number         0  libinit.o ABSOLUTE
    ../clib/libinit.s                        0x00000000   Number         0  libshutdown.o ABSOLUTE
    ../clib/libinit.s                        0x00000000   Number         0  libinit2.o ABSOLUTE
    ../clib/libinit.s                        0x00000000   Number         0  libshutdown2.o ABSOLUTE
    ../clib/memcpset.s                       0x00000000   Number         0  rt_memcpy_w.o ABSOLUTE
    ../clib/memcpset.s                       0x00000000   Number         0  rt_memcpy_v6.o ABSOLUTE
    ../clib/printf.c                         0x00000000   Number         0  noretval__2printf.o ABSOLUTE
    ../clib/printf.c                         0x00000000   Number         0  __2printf.o ABSOLUTE
    ../clib/printf.c                         0x00000000   Number         0  _printf_char_file.o ABSOLUTE
    ../clib/printf.c                         0x00000000   Number         0  __printf_nopercent.o ABSOLUTE
    ../clib/printf.c                         0x00000000   Number         0  _printf_char_common.o ABSOLUTE
    ../clib/signal.c                         0x00000000   Number         0  defsig_rtmem_outer.o ABSOLUTE
    ../clib/signal.c                         0x00000000   Number         0  defsig_exit.o ABSOLUTE
    ../clib/signal.c                         0x00000000   Number         0  defsig_rtmem_inner.o ABSOLUTE
    ../clib/signal.c                         0x00000000   Number         0  __raise.o ABSOLUTE
    ../clib/signal.c                         0x00000000   Number         0  defsig_general.o ABSOLUTE
    ../clib/signal.c                         0x00000000   Number         0  defsig_pvfn_inner.o ABSOLUTE
    ../clib/signal.c                         0x00000000   Number         0  defsig_rtmem_formal.o ABSOLUTE
    ../clib/signal.c                         0x00000000   Number         0  defsig_fpe_inner.o ABSOLUTE
    ../clib/signal.c                         0x00000000   Number         0  defsig_rtred_inner.o ABSOLUTE
    ../clib/signal.c                         0x00000000   Number         0  defsig_stak_inner.o ABSOLUTE
    ../clib/signal.c                         0x00000000   Number         0  defsig_cppl_inner.o ABSOLUTE
    ../clib/signal.c                         0x00000000   Number         0  defsig_segv_inner.o ABSOLUTE
    ../clib/signal.c                         0x00000000   Number         0  defsig_other.o ABSOLUTE
    ../clib/signal.c                         0x00000000   Number         0  defsig_abrt_inner.o ABSOLUTE
    ../clib/signal.s                         0x00000000   Number         0  defsig.o ABSOLUTE
    ../clib/stdio.c                          0x00000000   Number         0  ferror_locked.o ABSOLUTE
    ../clib/stdio.c                          0x00000000   Number         0  ferror.o ABSOLUTE
    ../clib/stdlib.c                         0x00000000   Number         0  exit.o ABSOLUTE
    ../clib/string.c                         0x00000000   Number         0  strlen.o ABSOLUTE
    ../fplib/fpinit.s                        0x00000000   Number         0  fpinit.o ABSOLUTE
    Application\\src\\global.c               0x00000000   Number         0  global.o ABSOLUTE
    Application\\src\\main.c                 0x00000000   Number         0  main.o ABSOLUTE
    Application\src\global.c                 0x00000000   Number         0  global.o ABSOLUTE
    Application\src\main.c                   0x00000000   Number         0  main.o ABSOLUTE
    RTE\Device\nRF52833_xxAA\arm_startup_nrf52833.s 0x00000000   Number         0  arm_startup_nrf52833.o ABSOLUTE
    RTE\Device\nRF52833_xxAA\system_nrf52.c  0x00000000   Number         0  system_nrf52.o ABSOLUTE
    RTE\\Device\\nRF52833_xxAA\\system_nrf52.c 0x00000000   Number         0  system_nrf52.o ABSOLUTE
    dc.s                                     0x00000000   Number         0  dc.o ABSOLUTE
    src\\app_error.c                         0x00000000   Number         0  app_error.o ABSOLUTE
    src\\app_error_handler_keil.c            0x00000000   Number         0  app_error_handler_keil.o ABSOLUTE
    src\\app_error_weak.c                    0x00000000   Number         0  app_error_weak.o ABSOLUTE
    src\\app_fifo.c                          0x00000000   Number         0  app_fifo.o ABSOLUTE
    src\\app_uart_fifo.c                     0x00000000   Number         0  app_uart_fifo.o ABSOLUTE
    src\\app_util_platform.c                 0x00000000   Number         0  app_util_platform.o ABSOLUTE
    src\\nrf_assert.c                        0x00000000   Number         0  nrf_assert.o ABSOLUTE
    src\\nrf_atomic.c                        0x00000000   Number         0  nrf_atomic.o ABSOLUTE
    src\\nrf_balloc.c                        0x00000000   Number         0  nrf_balloc.o ABSOLUTE
    src\\nrf_drv_uart.c                      0x00000000   Number         0  nrf_drv_uart.o ABSOLUTE
    src\\nrf_fprintf.c                       0x00000000   Number         0  nrf_fprintf.o ABSOLUTE
    src\\nrf_fprintf_format.c                0x00000000   Number         0  nrf_fprintf_format.o ABSOLUTE
    src\\nrf_memobj.c                        0x00000000   Number         0  nrf_memobj.o ABSOLUTE
    src\\nrf_ringbuf.c                       0x00000000   Number         0  nrf_ringbuf.o ABSOLUTE
    src\\nrf_strerror.c                      0x00000000   Number         0  nrf_strerror.o ABSOLUTE
    src\\nrfx_atomic.c                       0x00000000   Number         0  nrfx_atomic.o ABSOLUTE
    src\\nrfx_prs.c                          0x00000000   Number         0  nrfx_prs.o ABSOLUTE
    src\\nrfx_uart.c                         0x00000000   Number         0  nrfx_uart.o ABSOLUTE
    src\\nrfx_uarte.c                        0x00000000   Number         0  nrfx_uarte.o ABSOLUTE
    src\\retarget.c                          0x00000000   Number         0  retarget.o ABSOLUTE
    src\app_error.c                          0x00000000   Number         0  app_error.o ABSOLUTE
    src\app_error_handler_keil.c             0x00000000   Number         0  app_error_handler_keil.o ABSOLUTE
    src\app_error_weak.c                     0x00000000   Number         0  app_error_weak.o ABSOLUTE
    src\app_fifo.c                           0x00000000   Number         0  app_fifo.o ABSOLUTE
    src\app_uart_fifo.c                      0x00000000   Number         0  app_uart_fifo.o ABSOLUTE
    src\app_util_platform.c                  0x00000000   Number         0  app_util_platform.o ABSOLUTE
    src\nrf_assert.c                         0x00000000   Number         0  nrf_assert.o ABSOLUTE
    src\nrf_atomic.c                         0x00000000   Number         0  nrf_atomic.o ABSOLUTE
    src\nrf_balloc.c                         0x00000000   Number         0  nrf_balloc.o ABSOLUTE
    src\nrf_drv_uart.c                       0x00000000   Number         0  nrf_drv_uart.o ABSOLUTE
    src\nrf_fprintf.c                        0x00000000   Number         0  nrf_fprintf.o ABSOLUTE
    src\nrf_fprintf_format.c                 0x00000000   Number         0  nrf_fprintf_format.o ABSOLUTE
    src\nrf_memobj.c                         0x00000000   Number         0  nrf_memobj.o ABSOLUTE
    src\nrf_ringbuf.c                        0x00000000   Number         0  nrf_ringbuf.o ABSOLUTE
    src\nrf_strerror.c                       0x00000000   Number         0  nrf_strerror.o ABSOLUTE
    src\nrfx_atomic.c                        0x00000000   Number         0  nrfx_atomic.o ABSOLUTE
    src\nrfx_prs.c                           0x00000000   Number         0  nrfx_prs.o ABSOLUTE
    src\nrfx_uart.c                          0x00000000   Number         0  nrfx_uart.o ABSOLUTE
    src\nrfx_uarte.c                         0x00000000   Number         0  nrfx_uarte.o ABSOLUTE
    src\retarget.c                           0x00000000   Number         0  retarget.o ABSOLUTE
    !!!main                                  0x00000200   Section        8  __main.o(!!!main)
    !!!scatter                               0x00000208   Section       52  __scatter.o(!!!scatter)
    !!handler_copy                           0x0000023c   Section       26  __scatter_copy.o(!!handler_copy)
    !!handler_zi                             0x00000258   Section       28  __scatter_zi.o(!!handler_zi)
    .ARM.Collect$$libinit$$00000000          0x00000274   Section        2  libinit.o(.ARM.Collect$$libinit$$00000000)
    .ARM.Collect$$libinit$$00000001          0x00000276   Section        4  libinit2.o(.ARM.Collect$$libinit$$00000001)
    .ARM.Collect$$libinit$$00000004          0x0000027a   Section        0  libinit2.o(.ARM.Collect$$libinit$$00000004)
    .ARM.Collect$$libinit$$0000000A          0x0000027a   Section        0  libinit2.o(.ARM.Collect$$libinit$$0000000A)
    .ARM.Collect$$libinit$$0000000C          0x0000027a   Section        0  libinit2.o(.ARM.Collect$$libinit$$0000000C)
    .ARM.Collect$$libinit$$0000000E          0x0000027a   Section        0  libinit2.o(.ARM.Collect$$libinit$$0000000E)
    .ARM.Collect$$libinit$$00000011          0x0000027a   Section        0  libinit2.o(.ARM.Collect$$libinit$$00000011)
    .ARM.Collect$$libinit$$00000013          0x0000027a   Section        0  libinit2.o(.ARM.Collect$$libinit$$00000013)
    .ARM.Collect$$libinit$$00000015          0x0000027a   Section        0  libinit2.o(.ARM.Collect$$libinit$$00000015)
    .ARM.Collect$$libinit$$00000017          0x0000027a   Section        0  libinit2.o(.ARM.Collect$$libinit$$00000017)
    .ARM.Collect$$libinit$$00000019          0x0000027a   Section        0  libinit2.o(.ARM.Collect$$libinit$$00000019)
    .ARM.Collect$$libinit$$0000001B          0x0000027a   Section        0  libinit2.o(.ARM.Collect$$libinit$$0000001B)
    .ARM.Collect$$libinit$$0000001D          0x0000027a   Section        0  libinit2.o(.ARM.Collect$$libinit$$0000001D)
    .ARM.Collect$$libinit$$0000001F          0x0000027a   Section        0  libinit2.o(.ARM.Collect$$libinit$$0000001F)
    .ARM.Collect$$libinit$$00000021          0x0000027a   Section        0  libinit2.o(.ARM.Collect$$libinit$$00000021)
    .ARM.Collect$$libinit$$00000023          0x0000027a   Section        0  libinit2.o(.ARM.Collect$$libinit$$00000023)
    .ARM.Collect$$libinit$$00000025          0x0000027a   Section        0  libinit2.o(.ARM.Collect$$libinit$$00000025)
    .ARM.Collect$$libinit$$0000002C          0x0000027a   Section        0  libinit2.o(.ARM.Collect$$libinit$$0000002C)
    .ARM.Collect$$libinit$$0000002E          0x0000027a   Section        0  libinit2.o(.ARM.Collect$$libinit$$0000002E)
    .ARM.Collect$$libinit$$00000030          0x0000027a   Section        0  libinit2.o(.ARM.Collect$$libinit$$00000030)
    .ARM.Collect$$libinit$$00000032          0x0000027a   Section        0  libinit2.o(.ARM.Collect$$libinit$$00000032)
    .ARM.Collect$$libinit$$00000033          0x0000027a   Section        2  libinit2.o(.ARM.Collect$$libinit$$00000033)
    .ARM.Collect$$libshutdown$$00000000      0x0000027c   Section        2  libshutdown.o(.ARM.Collect$$libshutdown$$00000000)
    .ARM.Collect$$libshutdown$$00000002      0x0000027e   Section        0  libshutdown2.o(.ARM.Collect$$libshutdown$$00000002)
    .ARM.Collect$$libshutdown$$00000004      0x0000027e   Section        0  libshutdown2.o(.ARM.Collect$$libshutdown$$00000004)
    .ARM.Collect$$libshutdown$$00000006      0x0000027e   Section        0  libshutdown2.o(.ARM.Collect$$libshutdown$$00000006)
    .ARM.Collect$$libshutdown$$00000009      0x0000027e   Section        0  libshutdown2.o(.ARM.Collect$$libshutdown$$00000009)
    .ARM.Collect$$libshutdown$$0000000C      0x0000027e   Section        0  libshutdown2.o(.ARM.Collect$$libshutdown$$0000000C)
    .ARM.Collect$$libshutdown$$0000000E      0x0000027e   Section        0  libshutdown2.o(.ARM.Collect$$libshutdown$$0000000E)
    .ARM.Collect$$libshutdown$$00000011      0x0000027e   Section        0  libshutdown2.o(.ARM.Collect$$libshutdown$$00000011)
    .ARM.Collect$$libshutdown$$00000012      0x0000027e   Section        2  libshutdown2.o(.ARM.Collect$$libshutdown$$00000012)
    .ARM.Collect$$rtentry$$00000000          0x00000280   Section        0  __rtentry.o(.ARM.Collect$$rtentry$$00000000)
    .ARM.Collect$$rtentry$$00000002          0x00000280   Section        0  __rtentry2.o(.ARM.Collect$$rtentry$$00000002)
    .ARM.Collect$$rtentry$$00000004          0x00000280   Section        6  __rtentry4.o(.ARM.Collect$$rtentry$$00000004)
    .ARM.Collect$$rtentry$$00000009          0x00000286   Section        0  __rtentry2.o(.ARM.Collect$$rtentry$$00000009)
    .ARM.Collect$$rtentry$$0000000A          0x00000286   Section        4  __rtentry2.o(.ARM.Collect$$rtentry$$0000000A)
    .ARM.Collect$$rtentry$$0000000C          0x0000028a   Section        0  __rtentry2.o(.ARM.Collect$$rtentry$$0000000C)
    .ARM.Collect$$rtentry$$0000000D          0x0000028a   Section        8  __rtentry2.o(.ARM.Collect$$rtentry$$0000000D)
    .ARM.Collect$$rtexit$$00000000           0x00000292   Section        2  rtexit.o(.ARM.Collect$$rtexit$$00000000)
    .ARM.Collect$$rtexit$$00000002           0x00000294   Section        0  rtexit2.o(.ARM.Collect$$rtexit$$00000002)
    .ARM.Collect$$rtexit$$00000003           0x00000294   Section        4  rtexit2.o(.ARM.Collect$$rtexit$$00000003)
    .ARM.Collect$$rtexit$$00000004           0x00000298   Section        6  rtexit2.o(.ARM.Collect$$rtexit$$00000004)
    .text                                    0x000002a0   Section       64  arm_startup_nrf52833.o(.text)
    $v0                                      0x000002a0   Number         0  arm_startup_nrf52833.o(.text)
    .text                                    0x000002e0   Section        0  noretval__2printf.o(.text)
    .text                                    0x000002f8   Section      100  rt_memcpy_w.o(.text)
    .text                                    0x0000035c   Section        0  heapauxi.o(.text)
    .text                                    0x00000364   Section        0  _printf_char_file.o(.text)
    .text                                    0x00000388   Section        0  _printf_char_common.o(.text)
    _printf_input_char                       0x00000389   Thumb Code    10  _printf_char_common.o(.text)
    .text                                    0x000003b8   Section        0  ferror.o(.text)
    .text                                    0x000003c0   Section       74  sys_stackheap_outer.o(.text)
    .text                                    0x0000040a   Section        0  __printf_nopercent.o(.text)
    .text                                    0x00000432   Section        0  exit.o(.text)
    .text                                    0x00000444   Section        8  libspace.o(.text)
    .text                                    0x0000044c   Section        0  sys_exit.o(.text)
    .text                                    0x00000458   Section        2  use_no_semi.o(.text)
    .text                                    0x0000045a   Section        0  indicate_semi.o(.text)
    i.GPIO_INIT                              0x0000045c   Section        0  global.o(i.GPIO_INIT)
    i.SystemInit                             0x0000046c   Section        0  system_nrf52.o(i.SystemInit)
    i.UARTE0_UART0_IRQHandler                0x000005a0   Section        0  nrfx_prs.o(i.UARTE0_UART0_IRQHandler)
    i.UART_INIT                              0x000005ac   Section        0  global.o(i.UART_INIT)
    i.app_error_fault_handler                0x000005f4   Section        0  app_error_weak.o(i.app_error_fault_handler)
    i.app_error_handler_bare                 0x00000624   Section        0  app_error.o(i.app_error_handler_bare)
    i.app_fifo_get                           0x0000063a   Section        0  app_fifo.o(i.app_fifo_get)
    i.app_fifo_init                          0x00000650   Section        0  app_fifo.o(i.app_fifo_init)
    i.app_fifo_put                           0x00000670   Section        0  app_fifo.o(i.app_fifo_put)
    i.app_uart_get                           0x0000068c   Section        0  app_uart_fifo.o(i.app_uart_get)
    i.app_uart_init                          0x000006c0   Section        0  app_uart_fifo.o(i.app_uart_init)
    i.app_uart_put                           0x00000764   Section        0  app_uart_fifo.o(i.app_uart_put)
    i.app_util_critical_region_enter         0x000007b8   Section        0  app_util_platform.o(i.app_util_critical_region_enter)
    i.app_util_critical_region_exit          0x000007bc   Section        0  app_util_platform.o(i.app_util_critical_region_exit)
    i.app_util_disable_irq                   0x000007c0   Section        0  app_util_platform.o(i.app_util_disable_irq)
    i.app_util_enable_irq                    0x000007d0   Section        0  app_util_platform.o(i.app_util_enable_irq)
    i.apply_config                           0x000007e4   Section        0  nrfx_uart.o(i.apply_config)
    apply_config                             0x000007e5   Thumb Code   118  nrfx_uart.o(i.apply_config)
    i.apply_config                           0x0000085a   Section        0  nrfx_uarte.o(i.apply_config)
    apply_config                             0x0000085b   Thumb Code   118  nrfx_uarte.o(i.apply_config)
    i.fifo_get                               0x000008d0   Section        0  app_fifo.o(i.fifo_get)
    fifo_get                                 0x000008d1   Thumb Code    20  app_fifo.o(i.fifo_get)
    i.fifo_put                               0x000008e4   Section        0  app_fifo.o(i.fifo_put)
    fifo_put                                 0x000008e5   Thumb Code    18  app_fifo.o(i.fifo_put)
    i.fputc                                  0x000008f6   Section        0  retarget.o(i.fputc)
    i.interrupts_enable                      0x00000904   Section        0  nrfx_uarte.o(i.interrupts_enable)
    interrupts_enable                        0x00000905   Thumb Code   132  nrfx_uarte.o(i.interrupts_enable)
    i.main                                   0x0000098c   Section        0  main.o(i.main)
    i.nrf_drv_uart_init                      0x00000a24   Section        0  nrf_drv_uart.o(i.nrf_drv_uart_init)
    i.nrf_drv_uart_rx                        0x00000a8c   Section        0  app_uart_fifo.o(i.nrf_drv_uart_rx)
    nrf_drv_uart_rx                          0x00000a8d   Thumb Code    26  app_uart_fifo.o(i.nrf_drv_uart_rx)
    i.nrf_drv_uart_tx                        0x00000aac   Section        0  app_uart_fifo.o(i.nrf_drv_uart_tx)
    nrf_drv_uart_tx                          0x00000aad   Thumb Code    26  app_uart_fifo.o(i.nrf_drv_uart_tx)
    i.nrf_gpio_cfg                           0x00000acc   Section        0  nrfx_uart.o(i.nrf_gpio_cfg)
    nrf_gpio_cfg                             0x00000acd   Thumb Code    50  nrfx_uart.o(i.nrf_gpio_cfg)
    i.nrf_gpio_cfg                           0x00000afe   Section        0  nrfx_uarte.o(i.nrf_gpio_cfg)
    nrf_gpio_cfg                             0x00000aff   Thumb Code    50  nrfx_uarte.o(i.nrf_gpio_cfg)
    i.nrf_gpio_cfg_input                     0x00000b30   Section        0  nrfx_uart.o(i.nrf_gpio_cfg_input)
    nrf_gpio_cfg_input                       0x00000b31   Thumb Code    18  nrfx_uart.o(i.nrf_gpio_cfg_input)
    i.nrf_gpio_cfg_input                     0x00000b42   Section        0  nrfx_uarte.o(i.nrf_gpio_cfg_input)
    nrf_gpio_cfg_input                       0x00000b43   Thumb Code    18  nrfx_uarte.o(i.nrf_gpio_cfg_input)
    i.nrf_gpio_cfg_output                    0x00000b54   Section        0  nrfx_uart.o(i.nrf_gpio_cfg_output)
    nrf_gpio_cfg_output                      0x00000b55   Thumb Code    20  nrfx_uart.o(i.nrf_gpio_cfg_output)
    i.nrf_gpio_cfg_output                    0x00000b68   Section        0  nrfx_uarte.o(i.nrf_gpio_cfg_output)
    nrf_gpio_cfg_output                      0x00000b69   Thumb Code    20  nrfx_uarte.o(i.nrf_gpio_cfg_output)
    i.nrf_gpio_pin_port_decode               0x00000b7c   Section        0  nrfx_uart.o(i.nrf_gpio_pin_port_decode)
    nrf_gpio_pin_port_decode                 0x00000b7d   Thumb Code    22  nrfx_uart.o(i.nrf_gpio_pin_port_decode)
    i.nrf_gpio_pin_port_decode               0x00000b98   Section        0  nrfx_uarte.o(i.nrf_gpio_pin_port_decode)
    nrf_gpio_pin_port_decode                 0x00000b99   Thumb Code    22  nrfx_uarte.o(i.nrf_gpio_pin_port_decode)
    i.nrf_gpio_pin_set                       0x00000bb4   Section        0  nrfx_uart.o(i.nrf_gpio_pin_set)
    nrf_gpio_pin_set                         0x00000bb5   Thumb Code    20  nrfx_uart.o(i.nrf_gpio_pin_set)
    i.nrf_gpio_pin_set                       0x00000bc8   Section        0  nrfx_uarte.o(i.nrf_gpio_pin_set)
    nrf_gpio_pin_set                         0x00000bc9   Thumb Code    20  nrfx_uarte.o(i.nrf_gpio_pin_set)
    i.nrf_uart_event_check                   0x00000bdc   Section        0  nrfx_uart.o(i.nrf_uart_event_check)
    nrf_uart_event_check                     0x00000bdd   Thumb Code    10  nrfx_uart.o(i.nrf_uart_event_check)
    i.nrf_uart_event_clear                   0x00000be6   Section        0  nrfx_uart.o(i.nrf_uart_event_clear)
    nrf_uart_event_clear                     0x00000be7   Thumb Code    12  nrfx_uart.o(i.nrf_uart_event_clear)
    i.nrf_uart_int_enable_check              0x00000bf2   Section        0  nrfx_uart.o(i.nrf_uart_int_enable_check)
    nrf_uart_int_enable_check                0x00000bf3   Thumb Code    12  nrfx_uart.o(i.nrf_uart_int_enable_check)
    i.nrf_uarte_event_check                  0x00000bfe   Section        0  nrfx_uarte.o(i.nrf_uarte_event_check)
    nrf_uarte_event_check                    0x00000bff   Thumb Code    10  nrfx_uarte.o(i.nrf_uarte_event_check)
    i.nrf_uarte_event_clear                  0x00000c08   Section        0  nrfx_uarte.o(i.nrf_uarte_event_clear)
    nrf_uarte_event_clear                    0x00000c09   Thumb Code    12  nrfx_uarte.o(i.nrf_uarte_event_clear)
    i.nrfx_is_in_ram                         0x00000c14   Section        0  nrfx_uarte.o(i.nrfx_is_in_ram)
    nrfx_is_in_ram                           0x00000c15   Thumb Code    16  nrfx_uarte.o(i.nrfx_is_in_ram)
    i.nrfx_prs_acquire                       0x00000c24   Section        0  nrfx_prs.o(i.nrfx_prs_acquire)
    i.nrfx_uart_0_irq_handler                0x00000c54   Section        0  nrfx_uart.o(i.nrfx_uart_0_irq_handler)
    i.nrfx_uart_init                         0x00000c64   Section        0  nrfx_uart.o(i.nrfx_uart_init)
    i.nrfx_uart_rx                           0x00000d38   Section        0  nrfx_uart.o(i.nrfx_uart_rx)
    i.nrfx_uart_tx                           0x00000e24   Section        0  nrfx_uart.o(i.nrfx_uart_tx)
    i.nrfx_uart_tx_in_progress               0x00000ecc   Section        0  nrfx_uart.o(i.nrfx_uart_tx_in_progress)
    i.nrfx_uarte_0_irq_handler               0x00000eec   Section        0  nrfx_uarte.o(i.nrfx_uarte_0_irq_handler)
    i.nrfx_uarte_init                        0x00000efc   Section        0  nrfx_uarte.o(i.nrfx_uarte_init)
    i.nrfx_uarte_rx                          0x00000f68   Section        0  nrfx_uarte.o(i.nrfx_uarte_rx)
    i.nrfx_uarte_tx                          0x0000106c   Section        0  nrfx_uarte.o(i.nrfx_uarte_tx)
    i.nrfx_uarte_tx_in_progress              0x00001118   Section        0  nrfx_uarte.o(i.nrfx_uarte_tx_in_progress)
    i.prs_box_get                            0x00001134   Section        0  nrfx_prs.o(i.prs_box_get)
    prs_box_get                              0x00001135   Thumb Code    14  nrfx_prs.o(i.prs_box_get)
    i.rx_byte                                0x0000114c   Section        0  nrfx_uart.o(i.rx_byte)
    rx_byte                                  0x0000114d   Thumb Code    50  nrfx_uart.o(i.rx_byte)
    i.rx_done_event                          0x0000117e   Section        0  nrfx_uart.o(i.rx_done_event)
    rx_done_event                            0x0000117f   Thumb Code    22  nrfx_uart.o(i.rx_done_event)
    i.rx_done_event                          0x00001194   Section        0  nrfx_uarte.o(i.rx_done_event)
    rx_done_event                            0x00001195   Thumb Code    22  nrfx_uarte.o(i.rx_done_event)
    i.rx_enable                              0x000011aa   Section        0  nrfx_uart.o(i.rx_enable)
    rx_enable                                0x000011ab   Thumb Code    32  nrfx_uart.o(i.rx_enable)
    i.tx_byte                                0x000011ca   Section        0  nrfx_uart.o(i.tx_byte)
    tx_byte                                  0x000011cb   Thumb Code    32  nrfx_uart.o(i.tx_byte)
    i.tx_done_event                          0x000011ea   Section        0  nrfx_uart.o(i.tx_done_event)
    tx_done_event                            0x000011eb   Thumb Code    26  nrfx_uart.o(i.tx_done_event)
    i.tx_done_event                          0x00001204   Section        0  nrfx_uarte.o(i.tx_done_event)
    tx_done_event                            0x00001205   Thumb Code    26  nrfx_uarte.o(i.tx_done_event)
    i.uart_error_handle                      0x0000121e   Section        0  global.o(i.uart_error_handle)
    i.uart_event_handler                     0x00001230   Section        0  app_uart_fifo.o(i.uart_event_handler)
    uart_event_handler                       0x00001231   Thumb Code   156  app_uart_fifo.o(i.uart_event_handler)
    i.uart_evt_handler                       0x000012d4   Section        0  nrf_drv_uart.o(i.uart_evt_handler)
    uart_evt_handler                         0x000012d5   Thumb Code    42  nrf_drv_uart.o(i.uart_evt_handler)
    i.uart_irq_handler                       0x00001304   Section        0  nrfx_uart.o(i.uart_irq_handler)
    uart_irq_handler                         0x00001305   Thumb Code   298  nrfx_uart.o(i.uart_irq_handler)
    i.uarte_evt_handler                      0x00001430   Section        0  nrf_drv_uart.o(i.uarte_evt_handler)
    uarte_evt_handler                        0x00001431   Thumb Code    42  nrf_drv_uart.o(i.uarte_evt_handler)
    i.uarte_irq_handler                      0x00001460   Section        0  nrfx_uarte.o(i.uarte_irq_handler)
    uarte_irq_handler                        0x00001461   Thumb Code   274  nrfx_uarte.o(i.uarte_irq_handler)
    x$fpl$fpinit                             0x00001572   Section       10  fpinit.o(x$fpl$fpinit)
    $v0                                      0x00001572   Number         0  fpinit.o(x$fpl$fpinit)
    .constdata                               0x00001580   Section        6  main.o(.constdata)
    delay_machine_code                       0x00001580   Data           6  main.o(.constdata)
    .constdata                               0x00001588   Section       24  global.o(.constdata)
    .constdata                               0x000015a0   Section        4  nrfx_uart.o(.constdata)
    irq_handlers                             0x000015a0   Data           4  nrfx_uart.o(.constdata)
    .constdata                               0x000015a4   Section        4  nrfx_uarte.o(.constdata)
    irq_handlers                             0x000015a4   Data           4  nrfx_uarte.o(.constdata)
    .constdata                               0x000015a8   Section       32  app_uart_fifo.o(.constdata)
    .data                                    0x20000000   Section       20  nrf_drv_uart.o(.data)
    m_handlers                               0x20000004   Data           8  nrf_drv_uart.o(.data)
    m_contexts                               0x2000000c   Data           8  nrf_drv_uart.o(.data)
    .data                                    0x20000014   Section        8  nrfx_prs.o(.data)
    m_prs_box_4                              0x20000014   Data           8  nrfx_prs.o(.data)
    .data                                    0x2000001c   Section       28  app_uart_fifo.o(.data)
    tx_buffer                                0x2000001c   Data           1  app_uart_fifo.o(.data)
    rx_buffer                                0x2000001d   Data           1  app_uart_fifo.o(.data)
    m_rx_ovf                                 0x2000001e   Data           1  app_uart_fifo.o(.data)
    m_event_handler                          0x20000020   Data           4  app_uart_fifo.o(.data)
    app_uart_inst                            0x20000024   Data          20  app_uart_fifo.o(.data)
    .data                                    0x20000038   Section        4  app_util_platform.o(.data)
    m_in_critical_region                     0x20000038   Data           4  app_util_platform.o(.data)
    .data                                    0x2000003c   Section        4  retarget.o(.data)
    .data                                    0x20000040   Section        4  system_nrf52.o(.data)
    __tagsym$$used                           0x20000040   Number         0  system_nrf52.o(.data)
    .bss                                     0x20000044   Section      512  global.o(.bss)
    rx_buf                                   0x20000044   Data         256  global.o(.bss)
    tx_buf                                   0x20000144   Data         256  global.o(.bss)
    .bss                                     0x20000244   Section       44  nrfx_uart.o(.bss)
    m_cb                                     0x20000244   Data          44  nrfx_uart.o(.bss)
    .bss                                     0x20000270   Section       36  nrfx_uarte.o(.bss)
    m_cb                                     0x20000270   Data          36  nrfx_uarte.o(.bss)
    .bss                                     0x20000294   Section       32  app_uart_fifo.o(.bss)
    m_rx_fifo                                0x20000294   Data          16  app_uart_fifo.o(.bss)
    m_tx_fifo                                0x200002a4   Data          16  app_uart_fifo.o(.bss)
    .bss                                     0x200002b4   Section       96  libspace.o(.bss)
    HEAP                                     0x20000318   Section     8192  arm_startup_nrf52833.o(HEAP)
    Heap_Mem                                 0x20000318   Data        8192  arm_startup_nrf52833.o(HEAP)
    STACK                                    0x20002318   Section     8192  arm_startup_nrf52833.o(STACK)
    Stack_Mem                                0x20002318   Data        8192  arm_startup_nrf52833.o(STACK)
    __initial_sp                             0x20004318   Data           0  arm_startup_nrf52833.o(STACK)

    Global Symbols

    Symbol Name                              Value     Ov Type        Size  Object(Section)

    BuildAttributes$$THM_ISAv4$E$P$D$K$B$S$7EM$VFPi3$EXTD16$VFPS$VFMA$PE$A:L22UL41UL21$X:L11$S22US41US21$IEEE1$IW$USESV6$~STKCKD$USESV7$~SHL$OSPACE$ROPI$EBA8$UX$STANDARDLIB$REQ8$EABIv2 0x00000000   Number         0  anon$$obj.o ABSOLUTE
    __ARM_use_no_argv                        0x00000000   Number         0  main.o ABSOLUTE
    __Vectors                                0x00000000   Data           4  arm_startup_nrf52833.o(RESET)
    __ARM_exceptions_init                     - Undefined Weak Reference
    __alloca_initialize                       - Undefined Weak Reference
    __arm_fini_                               - Undefined Weak Reference
    __arm_preinit_                            - Undefined Weak Reference
    __cpp_initialize__aeabi_                  - Undefined Weak Reference
    __cxa_finalize                            - Undefined Weak Reference
    __rt_locale                               - Undefined Weak Reference
    __sigvec_lookup                           - Undefined Weak Reference
    _atexit_init                              - Undefined Weak Reference
    _call_atexit_fns                          - Undefined Weak Reference
    _clock_init                               - Undefined Weak Reference
    _fp_trap_init                             - Undefined Weak Reference
    _fp_trap_shutdown                         - Undefined Weak Reference
    _get_lc_collate                           - Undefined Weak Reference
    _get_lc_ctype                             - Undefined Weak Reference
    _get_lc_monetary                          - Undefined Weak Reference
    _get_lc_numeric                           - Undefined Weak Reference
    _get_lc_time                              - Undefined Weak Reference
    _getenv_init                              - Undefined Weak Reference
    _handle_redirection                       - Undefined Weak Reference
    _init_alloc                               - Undefined Weak Reference
    _init_user_alloc                          - Undefined Weak Reference
    _initio                                   - Undefined Weak Reference
    _mutex_acquire                            - Undefined Weak Reference
    _mutex_release                            - Undefined Weak Reference
    _rand_init                                - Undefined Weak Reference
    _signal_finish                            - Undefined Weak Reference
    _signal_init                              - Undefined Weak Reference
    _terminate_alloc                          - Undefined Weak Reference
    _terminate_user_alloc                     - Undefined Weak Reference
    _terminateio                              - Undefined Weak Reference
    __Vectors_End                            0x00000200   Data           0  arm_startup_nrf52833.o(RESET)
    __Vectors_Size                           0x00000200   Number         0  arm_startup_nrf52833.o ABSOLUTE
    __main                                   0x00000201   Thumb Code     8  __main.o(!!!main)
    __scatterload                            0x00000209   Thumb Code     0  __scatter.o(!!!scatter)
    __scatterload_rt2                        0x00000209   Thumb Code    44  __scatter.o(!!!scatter)
    __scatterload_rt2_thumb_only             0x00000209   Thumb Code     0  __scatter.o(!!!scatter)
    __scatterload_null                       0x00000217   Thumb Code     0  __scatter.o(!!!scatter)
    __scatterload_copy                       0x0000023d   Thumb Code    26  __scatter_copy.o(!!handler_copy)
    __scatterload_zeroinit                   0x00000259   Thumb Code    28  __scatter_zi.o(!!handler_zi)
    __rt_lib_init                            0x00000275   Thumb Code     0  libinit.o(.ARM.Collect$$libinit$$00000000)
    __rt_lib_init_fp_1                       0x00000277   Thumb Code     0  libinit2.o(.ARM.Collect$$libinit$$00000001)
    __rt_lib_init_alloca_1                   0x0000027b   Thumb Code     0  libinit2.o(.ARM.Collect$$libinit$$0000002E)
    __rt_lib_init_argv_1                     0x0000027b   Thumb Code     0  libinit2.o(.ARM.Collect$$libinit$$0000002C)
    __rt_lib_init_atexit_1                   0x0000027b   Thumb Code     0  libinit2.o(.ARM.Collect$$libinit$$0000001B)
    __rt_lib_init_clock_1                    0x0000027b   Thumb Code     0  libinit2.o(.ARM.Collect$$libinit$$00000021)
    __rt_lib_init_cpp_1                      0x0000027b   Thumb Code     0  libinit2.o(.ARM.Collect$$libinit$$00000032)
    __rt_lib_init_exceptions_1               0x0000027b   Thumb Code     0  libinit2.o(.ARM.Collect$$libinit$$00000030)
    __rt_lib_init_fp_trap_1                  0x0000027b   Thumb Code     0  libinit2.o(.ARM.Collect$$libinit$$0000001F)
    __rt_lib_init_getenv_1                   0x0000027b   Thumb Code     0  libinit2.o(.ARM.Collect$$libinit$$00000023)
    __rt_lib_init_heap_1                     0x0000027b   Thumb Code     0  libinit2.o(.ARM.Collect$$libinit$$0000000A)
    __rt_lib_init_lc_collate_1               0x0000027b   Thumb Code     0  libinit2.o(.ARM.Collect$$libinit$$00000011)
    __rt_lib_init_lc_ctype_1                 0x0000027b   Thumb Code     0  libinit2.o(.ARM.Collect$$libinit$$00000013)
    __rt_lib_init_lc_monetary_1              0x0000027b   Thumb Code     0  libinit2.o(.ARM.Collect$$libinit$$00000015)
    __rt_lib_init_lc_numeric_1               0x0000027b   Thumb Code     0  libinit2.o(.ARM.Collect$$libinit$$00000017)
    __rt_lib_init_lc_time_1                  0x0000027b   Thumb Code     0  libinit2.o(.ARM.Collect$$libinit$$00000019)
    __rt_lib_init_preinit_1                  0x0000027b   Thumb Code     0  libinit2.o(.ARM.Collect$$libinit$$00000004)
    __rt_lib_init_rand_1                     0x0000027b   Thumb Code     0  libinit2.o(.ARM.Collect$$libinit$$0000000E)
    __rt_lib_init_return                     0x0000027b   Thumb Code     0  libinit2.o(.ARM.Collect$$libinit$$00000033)
    __rt_lib_init_signal_1                   0x0000027b   Thumb Code     0  libinit2.o(.ARM.Collect$$libinit$$0000001D)
    __rt_lib_init_stdio_1                    0x0000027b   Thumb Code     0  libinit2.o(.ARM.Collect$$libinit$$00000025)
    __rt_lib_init_user_alloc_1               0x0000027b   Thumb Code     0  libinit2.o(.ARM.Collect$$libinit$$0000000C)
    __rt_lib_shutdown                        0x0000027d   Thumb Code     0  libshutdown.o(.ARM.Collect$$libshutdown$$00000000)
    __rt_lib_shutdown_cpp_1                  0x0000027f   Thumb Code     0  libshutdown2.o(.ARM.Collect$$libshutdown$$00000004)
    __rt_lib_shutdown_fini_1                 0x0000027f   Thumb Code     0  libshutdown2.o(.ARM.Collect$$libshutdown$$00000002)
    __rt_lib_shutdown_fp_trap_1              0x0000027f   Thumb Code     0  libshutdown2.o(.ARM.Collect$$libshutdown$$00000009)
    __rt_lib_shutdown_heap_1                 0x0000027f   Thumb Code     0  libshutdown2.o(.ARM.Collect$$libshutdown$$00000011)
    __rt_lib_shutdown_return                 0x0000027f   Thumb Code     0  libshutdown2.o(.ARM.Collect$$libshutdown$$00000012)
    __rt_lib_shutdown_signal_1               0x0000027f   Thumb Code     0  libshutdown2.o(.ARM.Collect$$libshutdown$$0000000C)
    __rt_lib_shutdown_stdio_1                0x0000027f   Thumb Code     0  libshutdown2.o(.ARM.Collect$$libshutdown$$00000006)
    __rt_lib_shutdown_user_alloc_1           0x0000027f   Thumb Code     0  libshutdown2.o(.ARM.Collect$$libshutdown$$0000000E)
    __rt_entry                               0x00000281   Thumb Code     0  __rtentry.o(.ARM.Collect$$rtentry$$00000000)
    __rt_entry_presh_1                       0x00000281   Thumb Code     0  __rtentry2.o(.ARM.Collect$$rtentry$$00000002)
    __rt_entry_sh                            0x00000281   Thumb Code     0  __rtentry4.o(.ARM.Collect$$rtentry$$00000004)
    __rt_entry_li                            0x00000287   Thumb Code     0  __rtentry2.o(.ARM.Collect$$rtentry$$0000000A)
    __rt_entry_postsh_1                      0x00000287   Thumb Code     0  __rtentry2.o(.ARM.Collect$$rtentry$$00000009)
    __rt_entry_main                          0x0000028b   Thumb Code     0  __rtentry2.o(.ARM.Collect$$rtentry$$0000000D)
    __rt_entry_postli_1                      0x0000028b   Thumb Code     0  __rtentry2.o(.ARM.Collect$$rtentry$$0000000C)
    __rt_exit                                0x00000293   Thumb Code     0  rtexit.o(.ARM.Collect$$rtexit$$00000000)
    __rt_exit_ls                             0x00000295   Thumb Code     0  rtexit2.o(.ARM.Collect$$rtexit$$00000003)
    __rt_exit_prels_1                        0x00000295   Thumb Code     0  rtexit2.o(.ARM.Collect$$rtexit$$00000002)
    __rt_exit_exit                           0x00000299   Thumb Code     0  rtexit2.o(.ARM.Collect$$rtexit$$00000004)
    Reset_Handler                            0x000002a1   Thumb Code     8  arm_startup_nrf52833.o(.text)
    NMI_Handler                              0x000002a9   Thumb Code     2  arm_startup_nrf52833.o(.text)
    HardFault_Handler                        0x000002ab   Thumb Code     2  arm_startup_nrf52833.o(.text)
    MemoryManagement_Handler                 0x000002ad   Thumb Code     2  arm_startup_nrf52833.o(.text)
    BusFault_Handler                         0x000002af   Thumb Code     2  arm_startup_nrf52833.o(.text)
    UsageFault_Handler                       0x000002b1   Thumb Code     2  arm_startup_nrf52833.o(.text)
    SVC_Handler                              0x000002b3   Thumb Code     2  arm_startup_nrf52833.o(.text)
    DebugMon_Handler                         0x000002b5   Thumb Code     2  arm_startup_nrf52833.o(.text)
    PendSV_Handler                           0x000002b7   Thumb Code     2  arm_startup_nrf52833.o(.text)
    SysTick_Handler                          0x000002b9   Thumb Code     2  arm_startup_nrf52833.o(.text)
    CCM_AAR_IRQHandler                       0x000002bb   Thumb Code     0  arm_startup_nrf52833.o(.text)
    COMP_LPCOMP_IRQHandler                   0x000002bb   Thumb Code     0  arm_startup_nrf52833.o(.text)
    ECB_IRQHandler                           0x000002bb   Thumb Code     0  arm_startup_nrf52833.o(.text)
    FPU_IRQHandler                           0x000002bb   Thumb Code     0  arm_startup_nrf52833.o(.text)
    GPIOTE_IRQHandler                        0x000002bb   Thumb Code     0  arm_startup_nrf52833.o(.text)
    I2S_IRQHandler                           0x000002bb   Thumb Code     0  arm_startup_nrf52833.o(.text)
    MWU_IRQHandler                           0x000002bb   Thumb Code     0  arm_startup_nrf52833.o(.text)
    NFCT_IRQHandler                          0x000002bb   Thumb Code     0  arm_startup_nrf52833.o(.text)
    PDM_IRQHandler                           0x000002bb   Thumb Code     0  arm_startup_nrf52833.o(.text)
    POWER_CLOCK_IRQHandler                   0x000002bb   Thumb Code     0  arm_startup_nrf52833.o(.text)
    PWM0_IRQHandler                          0x000002bb   Thumb Code     0  arm_startup_nrf52833.o(.text)
    PWM1_IRQHandler                          0x000002bb   Thumb Code     0  arm_startup_nrf52833.o(.text)
    PWM2_IRQHandler                          0x000002bb   Thumb Code     0  arm_startup_nrf52833.o(.text)
    PWM3_IRQHandler                          0x000002bb   Thumb Code     0  arm_startup_nrf52833.o(.text)
    QDEC_IRQHandler                          0x000002bb   Thumb Code     0  arm_startup_nrf52833.o(.text)
    RADIO_IRQHandler                         0x000002bb   Thumb Code     0  arm_startup_nrf52833.o(.text)
    RNG_IRQHandler                           0x000002bb   Thumb Code     0  arm_startup_nrf52833.o(.text)
    RTC0_IRQHandler                          0x000002bb   Thumb Code     0  arm_startup_nrf52833.o(.text)
    RTC1_IRQHandler                          0x000002bb   Thumb Code     0  arm_startup_nrf52833.o(.text)
    RTC2_IRQHandler                          0x000002bb   Thumb Code     0  arm_startup_nrf52833.o(.text)
    SAADC_IRQHandler                         0x000002bb   Thumb Code     0  arm_startup_nrf52833.o(.text)
    SPIM0_SPIS0_TWIM0_TWIS0_SPI0_TWI0_IRQHandler 0x000002bb   Thumb Code     0  arm_startup_nrf52833.o(.text)
    SPIM1_SPIS1_TWIM1_TWIS1_SPI1_TWI1_IRQHandler 0x000002bb   Thumb Code     0  arm_startup_nrf52833.o(.text)
    SPIM2_SPIS2_SPI2_IRQHandler              0x000002bb   Thumb Code     0  arm_startup_nrf52833.o(.text)
    SPIM3_IRQHandler                         0x000002bb   Thumb Code     0  arm_startup_nrf52833.o(.text)
    SWI0_EGU0_IRQHandler                     0x000002bb   Thumb Code     0  arm_startup_nrf52833.o(.text)
    SWI1_EGU1_IRQHandler                     0x000002bb   Thumb Code     0  arm_startup_nrf52833.o(.text)
    SWI2_EGU2_IRQHandler                     0x000002bb   Thumb Code     0  arm_startup_nrf52833.o(.text)
    SWI3_EGU3_IRQHandler                     0x000002bb   Thumb Code     0  arm_startup_nrf52833.o(.text)
    SWI4_EGU4_IRQHandler                     0x000002bb   Thumb Code     0  arm_startup_nrf52833.o(.text)
    SWI5_EGU5_IRQHandler                     0x000002bb   Thumb Code     0  arm_startup_nrf52833.o(.text)
    TEMP_IRQHandler                          0x000002bb   Thumb Code     0  arm_startup_nrf52833.o(.text)
    TIMER0_IRQHandler                        0x000002bb   Thumb Code     0  arm_startup_nrf52833.o(.text)
    TIMER1_IRQHandler                        0x000002bb   Thumb Code     0  arm_startup_nrf52833.o(.text)
    TIMER2_IRQHandler                        0x000002bb   Thumb Code     0  arm_startup_nrf52833.o(.text)
    TIMER3_IRQHandler                        0x000002bb   Thumb Code     0  arm_startup_nrf52833.o(.text)
    TIMER4_IRQHandler                        0x000002bb   Thumb Code     0  arm_startup_nrf52833.o(.text)
    UARTE1_IRQHandler                        0x000002bb   Thumb Code     0  arm_startup_nrf52833.o(.text)
    USBD_IRQHandler                          0x000002bb   Thumb Code     0  arm_startup_nrf52833.o(.text)
    WDT_IRQHandler                           0x000002bb   Thumb Code     0  arm_startup_nrf52833.o(.text)
    __user_initial_stackheap                 0x000002bd   Thumb Code    10  arm_startup_nrf52833.o(.text)
    __2printf                                0x000002e1   Thumb Code    20  noretval__2printf.o(.text)
    __aeabi_memcpy4                          0x000002f9   Thumb Code     0  rt_memcpy_w.o(.text)
    __aeabi_memcpy8                          0x000002f9   Thumb Code     0  rt_memcpy_w.o(.text)
    __rt_memcpy_w                            0x000002f9   Thumb Code   100  rt_memcpy_w.o(.text)
    _memcpy_lastbytes_aligned                0x00000341   Thumb Code     0  rt_memcpy_w.o(.text)
    __use_two_region_memory                  0x0000035d   Thumb Code     2  heapauxi.o(.text)
    __rt_heap_escrow$2region                 0x0000035f   Thumb Code     2  heapauxi.o(.text)
    __rt_heap_expand$2region                 0x00000361   Thumb Code     2  heapauxi.o(.text)
    _printf_char_file                        0x00000365   Thumb Code    32  _printf_char_file.o(.text)
    _printf_char_common                      0x00000393   Thumb Code    32  _printf_char_common.o(.text)
    ferror                                   0x000003b9   Thumb Code     8  ferror.o(.text)
    __user_setup_stackheap                   0x000003c1   Thumb Code    74  sys_stackheap_outer.o(.text)
    __printf                                 0x0000040b   Thumb Code    40  __printf_nopercent.o(.text)
    exit                                     0x00000433   Thumb Code    18  exit.o(.text)
    __user_libspace                          0x00000445   Thumb Code     8  libspace.o(.text)
    __user_perproc_libspace                  0x00000445   Thumb Code     0  libspace.o(.text)
    __user_perthread_libspace                0x00000445   Thumb Code     0  libspace.o(.text)
    _sys_exit                                0x0000044d   Thumb Code     8  sys_exit.o(.text)
    __I$use$semihosting                      0x00000459   Thumb Code     0  use_no_semi.o(.text)
    __use_no_semihosting_swi                 0x00000459   Thumb Code     2  use_no_semi.o(.text)
    __semihosting_library_function           0x0000045b   Thumb Code     0  indicate_semi.o(.text)
    GPIO_INIT                                0x0000045d   Thumb Code    10  global.o(i.GPIO_INIT)
    SystemInit                               0x0000046d   Thumb Code   278  system_nrf52.o(i.SystemInit)
    UARTE0_UART0_IRQHandler                  0x000005a1   Thumb Code     6  nrfx_prs.o(i.UARTE0_UART0_IRQHandler)
    UART_INIT                                0x000005ad   Thumb Code    54  global.o(i.UART_INIT)
    app_error_fault_handler                  0x000005f5   Thumb Code    40  app_error_weak.o(i.app_error_fault_handler)
    app_error_handler_bare                   0x00000625   Thumb Code    22  app_error.o(i.app_error_handler_bare)
    app_fifo_get                             0x0000063b   Thumb Code    22  app_fifo.o(i.app_fifo_get)
    app_fifo_init                            0x00000651   Thumb Code    32  app_fifo.o(i.app_fifo_init)
    app_fifo_put                             0x00000671   Thumb Code    26  app_fifo.o(i.app_fifo_put)
    app_uart_get                             0x0000068d   Thumb Code    42  app_uart_fifo.o(i.app_uart_get)
    app_uart_init                            0x000006c1   Thumb Code   148  app_uart_fifo.o(i.app_uart_init)
    app_uart_put                             0x00000765   Thumb Code    70  app_uart_fifo.o(i.app_uart_put)
    app_util_critical_region_enter           0x000007b9   Thumb Code     4  app_util_platform.o(i.app_util_critical_region_enter)
    app_util_critical_region_exit            0x000007bd   Thumb Code     4  app_util_platform.o(i.app_util_critical_region_exit)
    app_util_disable_irq                     0x000007c1   Thumb Code    12  app_util_platform.o(i.app_util_disable_irq)
    app_util_enable_irq                      0x000007d1   Thumb Code    14  app_util_platform.o(i.app_util_enable_irq)
    fputc                                    0x000008f7   Thumb Code    14  retarget.o(i.fputc)
    main                                     0x0000098d   Thumb Code   108  main.o(i.main)
    nrf_drv_uart_init                        0x00000a25   Thumb Code    90  nrf_drv_uart.o(i.nrf_drv_uart_init)
    nrfx_prs_acquire                         0x00000c25   Thumb Code    48  nrfx_prs.o(i.nrfx_prs_acquire)
    nrfx_uart_0_irq_handler                  0x00000c55   Thumb Code     8  nrfx_uart.o(i.nrfx_uart_0_irq_handler)
    nrfx_uart_init                           0x00000c65   Thumb Code   200  nrfx_uart.o(i.nrfx_uart_init)
    nrfx_uart_rx                             0x00000d39   Thumb Code   230  nrfx_uart.o(i.nrfx_uart_rx)
    nrfx_uart_tx                             0x00000e25   Thumb Code   162  nrfx_uart.o(i.nrfx_uart_tx)
    nrfx_uart_tx_in_progress                 0x00000ecd   Thumb Code    26  nrfx_uart.o(i.nrfx_uart_tx_in_progress)
    nrfx_uarte_0_irq_handler                 0x00000eed   Thumb Code     8  nrfx_uarte.o(i.nrfx_uarte_0_irq_handler)
    nrfx_uarte_init                          0x00000efd   Thumb Code   100  nrfx_uarte.o(i.nrfx_uarte_init)
    nrfx_uarte_rx                            0x00000f69   Thumb Code   256  nrfx_uarte.o(i.nrfx_uarte_rx)
    nrfx_uarte_tx                            0x0000106d   Thumb Code   166  nrfx_uarte.o(i.nrfx_uarte_tx)
    nrfx_uarte_tx_in_progress                0x00001119   Thumb Code    22  nrfx_uarte.o(i.nrfx_uarte_tx_in_progress)
    uart_error_handle                        0x0000121f   Thumb Code    18  global.o(i.uart_error_handle)
    _fp_init                                 0x00001573   Thumb Code    10  fpinit.o(x$fpl$fpinit)
    __fplib_config_fpu_vfp                   0x0000157b   Thumb Code     0  fpinit.o(x$fpl$fpinit)
    __fplib_config_pureend_doubles           0x0000157b   Thumb Code     0  fpinit.o(x$fpl$fpinit)
    Region$$Table$$Base                      0x000015c8   Number         0  anon$$obj.o(Region$$Table)
    Region$$Table$$Limit                     0x000015e8   Number         0  anon$$obj.o(Region$$Table)
    nrf_drv_uart_use_easy_dma                0x20000000   Data           2  nrf_drv_uart.o(.data)
    __stdout                                 0x2000003c   Data           4  retarget.o(.data)
    SystemCoreClock                          0x20000040   Data           4  system_nrf52.o(.data)
    __libspace_start                         0x200002b4   Data          96  libspace.o(.bss)
    __temporary_stack_top$libspace           0x20000314   Data           0  libspace.o(.bss)



==============================================================================

Memory Map of the image

  Image Entry point : 0x00000201

  Load Region LR_IROM1 (Base: 0x00000000, Size: 0x0000162c, Max: 0x00080000, ABSOLUTE)

    Execution Region ER_IROM1 (Exec base: 0x00000000, Load base: 0x00000000, Size: 0x000015e8, Max: 0x00080000, ABSOLUTE)

    Exec Addr    Load Addr    Size         Type   Attr      Idx    E Section Name        Object

    0x00000000   0x00000000   0x00000200   Data   RO         1695    RESET               arm_startup_nrf52833.o
    0x00000200   0x00000200   0x00000008   Code   RO         1782  * !!!main             c_w.l(__main.o)
    0x00000208   0x00000208   0x00000034   Code   RO         1951    !!!scatter          c_w.l(__scatter.o)
    0x0000023c   0x0000023c   0x0000001a   Code   RO         1953    !!handler_copy      c_w.l(__scatter_copy.o)
    0x00000256   0x00000256   0x00000002   PAD
    0x00000258   0x00000258   0x0000001c   Code   RO         1955    !!handler_zi        c_w.l(__scatter_zi.o)
    0x00000274   0x00000274   0x00000002   Code   RO         1819    .ARM.Collect$$libinit$$00000000  c_w.l(libinit.o)
    0x00000276   0x00000276   0x00000004   Code   RO         1825    .ARM.Collect$$libinit$$00000001  c_w.l(libinit2.o)
    0x0000027a   0x0000027a   0x00000000   Code   RO         1828    .ARM.Collect$$libinit$$00000004  c_w.l(libinit2.o)
    0x0000027a   0x0000027a   0x00000000   Code   RO         1831    .ARM.Collect$$libinit$$0000000A  c_w.l(libinit2.o)
    0x0000027a   0x0000027a   0x00000000   Code   RO         1833    .ARM.Collect$$libinit$$0000000C  c_w.l(libinit2.o)
    0x0000027a   0x0000027a   0x00000000   Code   RO         1835    .ARM.Collect$$libinit$$0000000E  c_w.l(libinit2.o)
    0x0000027a   0x0000027a   0x00000000   Code   RO         1838    .ARM.Collect$$libinit$$00000011  c_w.l(libinit2.o)
    0x0000027a   0x0000027a   0x00000000   Code   RO         1840    .ARM.Collect$$libinit$$00000013  c_w.l(libinit2.o)
    0x0000027a   0x0000027a   0x00000000   Code   RO         1842    .ARM.Collect$$libinit$$00000015  c_w.l(libinit2.o)
    0x0000027a   0x0000027a   0x00000000   Code   RO         1844    .ARM.Collect$$libinit$$00000017  c_w.l(libinit2.o)
    0x0000027a   0x0000027a   0x00000000   Code   RO         1846    .ARM.Collect$$libinit$$00000019  c_w.l(libinit2.o)
    0x0000027a   0x0000027a   0x00000000   Code   RO         1848    .ARM.Collect$$libinit$$0000001B  c_w.l(libinit2.o)
    0x0000027a   0x0000027a   0x00000000   Code   RO         1850    .ARM.Collect$$libinit$$0000001D  c_w.l(libinit2.o)
    0x0000027a   0x0000027a   0x00000000   Code   RO         1852    .ARM.Collect$$libinit$$0000001F  c_w.l(libinit2.o)
    0x0000027a   0x0000027a   0x00000000   Code   RO         1854    .ARM.Collect$$libinit$$00000021  c_w.l(libinit2.o)
    0x0000027a   0x0000027a   0x00000000   Code   RO         1856    .ARM.Collect$$libinit$$00000023  c_w.l(libinit2.o)
    0x0000027a   0x0000027a   0x00000000   Code   RO         1858    .ARM.Collect$$libinit$$00000025  c_w.l(libinit2.o)
    0x0000027a   0x0000027a   0x00000000   Code   RO         1862    .ARM.Collect$$libinit$$0000002C  c_w.l(libinit2.o)
    0x0000027a   0x0000027a   0x00000000   Code   RO         1864    .ARM.Collect$$libinit$$0000002E  c_w.l(libinit2.o)
    0x0000027a   0x0000027a   0x00000000   Code   RO         1866    .ARM.Collect$$libinit$$00000030  c_w.l(libinit2.o)
    0x0000027a   0x0000027a   0x00000000   Code   RO         1868    .ARM.Collect$$libinit$$00000032  c_w.l(libinit2.o)
    0x0000027a   0x0000027a   0x00000002   Code   RO         1869    .ARM.Collect$$libinit$$00000033  c_w.l(libinit2.o)
    0x0000027c   0x0000027c   0x00000002   Code   RO         1889    .ARM.Collect$$libshutdown$$00000000  c_w.l(libshutdown.o)
    0x0000027e   0x0000027e   0x00000000   Code   RO         1902    .ARM.Collect$$libshutdown$$00000002  c_w.l(libshutdown2.o)
    0x0000027e   0x0000027e   0x00000000   Code   RO         1904    .ARM.Collect$$libshutdown$$00000004  c_w.l(libshutdown2.o)
    0x0000027e   0x0000027e   0x00000000   Code   RO         1906    .ARM.Collect$$libshutdown$$00000006  c_w.l(libshutdown2.o)
    0x0000027e   0x0000027e   0x00000000   Code   RO         1909    .ARM.Collect$$libshutdown$$00000009  c_w.l(libshutdown2.o)
    0x0000027e   0x0000027e   0x00000000   Code   RO         1912    .ARM.Collect$$libshutdown$$0000000C  c_w.l(libshutdown2.o)
    0x0000027e   0x0000027e   0x00000000   Code   RO         1914    .ARM.Collect$$libshutdown$$0000000E  c_w.l(libshutdown2.o)
    0x0000027e   0x0000027e   0x00000000   Code   RO         1917    .ARM.Collect$$libshutdown$$00000011  c_w.l(libshutdown2.o)
    0x0000027e   0x0000027e   0x00000002   Code   RO         1918    .ARM.Collect$$libshutdown$$00000012  c_w.l(libshutdown2.o)
    0x00000280   0x00000280   0x00000000   Code   RO         1784    .ARM.Collect$$rtentry$$00000000  c_w.l(__rtentry.o)
    0x00000280   0x00000280   0x00000000   Code   RO         1788    .ARM.Collect$$rtentry$$00000002  c_w.l(__rtentry2.o)
    0x00000280   0x00000280   0x00000006   Code   RO         1800    .ARM.Collect$$rtentry$$00000004  c_w.l(__rtentry4.o)
    0x00000286   0x00000286   0x00000000   Code   RO         1790    .ARM.Collect$$rtentry$$00000009  c_w.l(__rtentry2.o)
    0x00000286   0x00000286   0x00000004   Code   RO         1791    .ARM.Collect$$rtentry$$0000000A  c_w.l(__rtentry2.o)
    0x0000028a   0x0000028a   0x00000000   Code   RO         1793    .ARM.Collect$$rtentry$$0000000C  c_w.l(__rtentry2.o)
    0x0000028a   0x0000028a   0x00000008   Code   RO         1794    .ARM.Collect$$rtentry$$0000000D  c_w.l(__rtentry2.o)
    0x00000292   0x00000292   0x00000002   Code   RO         1823    .ARM.Collect$$rtexit$$00000000  c_w.l(rtexit.o)
    0x00000294   0x00000294   0x00000000   Code   RO         1871    .ARM.Collect$$rtexit$$00000002  c_w.l(rtexit2.o)
    0x00000294   0x00000294   0x00000004   Code   RO         1872    .ARM.Collect$$rtexit$$00000003  c_w.l(rtexit2.o)
    0x00000298   0x00000298   0x00000006   Code   RO         1873    .ARM.Collect$$rtexit$$00000004  c_w.l(rtexit2.o)
    0x0000029e   0x0000029e   0x00000002   PAD
    0x000002a0   0x000002a0   0x00000040   Code   RO         1696    .text               arm_startup_nrf52833.o
    0x000002e0   0x000002e0   0x00000018   Code   RO         1772    .text               c_w.l(noretval__2printf.o)
    0x000002f8   0x000002f8   0x00000064   Code   RO         1778    .text               c_w.l(rt_memcpy_w.o)
    0x0000035c   0x0000035c   0x00000006   Code   RO         1780    .text               c_w.l(heapauxi.o)
    0x00000362   0x00000362   0x00000002   PAD
    0x00000364   0x00000364   0x00000024   Code   RO         1785    .text               c_w.l(_printf_char_file.o)
    0x00000388   0x00000388   0x00000030   Code   RO         1802    .text               c_w.l(_printf_char_common.o)
    0x000003b8   0x000003b8   0x00000008   Code   RO         1804    .text               c_w.l(ferror.o)
    0x000003c0   0x000003c0   0x0000004a   Code   RO         1808    .text               c_w.l(sys_stackheap_outer.o)
    0x0000040a   0x0000040a   0x00000028   Code   RO         1810    .text               c_w.l(__printf_nopercent.o)
    0x00000432   0x00000432   0x00000012   Code   RO         1812    .text               c_w.l(exit.o)
    0x00000444   0x00000444   0x00000008   Code   RO         1820    .text               c_w.l(libspace.o)
    0x0000044c   0x0000044c   0x0000000c   Code   RO         1881    .text               c_w.l(sys_exit.o)
    0x00000458   0x00000458   0x00000002   Code   RO         1892    .text               c_w.l(use_no_semi.o)
    0x0000045a   0x0000045a   0x00000000   Code   RO         1894    .text               c_w.l(indicate_semi.o)
    0x0000045a   0x0000045a   0x00000002   PAD
    0x0000045c   0x0000045c   0x00000010   Code   RO          174    i.GPIO_INIT         global.o
    0x0000046c   0x0000046c   0x00000134   Code   RO         1704    i.SystemInit        system_nrf52.o
    0x000005a0   0x000005a0   0x0000000c   Code   RO          413    i.UARTE0_UART0_IRQHandler  nrfx_prs.o
    0x000005ac   0x000005ac   0x00000048   Code   RO          175    i.UART_INIT         global.o
    0x000005f4   0x000005f4   0x00000030   Code   RO          930    i.app_error_fault_handler  app_error_weak.o
    0x00000624   0x00000624   0x00000016   Code   RO          858    i.app_error_handler_bare  app_error.o
    0x0000063a   0x0000063a   0x00000016   Code   RO          982    i.app_fifo_get      app_fifo.o
    0x00000650   0x00000650   0x00000020   Code   RO          983    i.app_fifo_init     app_fifo.o
    0x00000670   0x00000670   0x0000001a   Code   RO          985    i.app_fifo_put      app_fifo.o
    0x0000068a   0x0000068a   0x00000002   PAD
    0x0000068c   0x0000068c   0x00000034   Code   RO         1059    i.app_uart_get      app_uart_fifo.o
    0x000006c0   0x000006c0   0x000000a4   Code   RO         1060    i.app_uart_init     app_uart_fifo.o
    0x00000764   0x00000764   0x00000054   Code   RO         1061    i.app_uart_put      app_uart_fifo.o
    0x000007b8   0x000007b8   0x00000004   Code   RO         1134    i.app_util_critical_region_enter  app_util_platform.o
    0x000007bc   0x000007bc   0x00000004   Code   RO         1135    i.app_util_critical_region_exit  app_util_platform.o
    0x000007c0   0x000007c0   0x00000010   Code   RO         1136    i.app_util_disable_irq  app_util_platform.o
    0x000007d0   0x000007d0   0x00000014   Code   RO         1137    i.app_util_enable_irq  app_util_platform.o
    0x000007e4   0x000007e4   0x00000076   Code   RO          492    i.apply_config      nrfx_uart.o
    0x0000085a   0x0000085a   0x00000076   Code   RO          691    i.apply_config      nrfx_uarte.o
    0x000008d0   0x000008d0   0x00000014   Code   RO          988    i.fifo_get          app_fifo.o
    0x000008e4   0x000008e4   0x00000012   Code   RO          989    i.fifo_put          app_fifo.o
    0x000008f6   0x000008f6   0x0000000e   Code   RO         1659    i.fputc             retarget.o
    0x00000904   0x00000904   0x00000088   Code   RO          692    i.interrupts_enable  nrfx_uarte.o
    0x0000098c   0x0000098c   0x00000098   Code   RO            4    i.main              main.o
    0x00000a24   0x00000a24   0x00000068   Code   RO          221    i.nrf_drv_uart_init  nrf_drv_uart.o
    0x00000a8c   0x00000a8c   0x00000020   Code   RO         1062    i.nrf_drv_uart_rx   app_uart_fifo.o
    0x00000aac   0x00000aac   0x00000020   Code   RO         1063    i.nrf_drv_uart_tx   app_uart_fifo.o
    0x00000acc   0x00000acc   0x00000032   Code   RO          493    i.nrf_gpio_cfg      nrfx_uart.o
    0x00000afe   0x00000afe   0x00000032   Code   RO          693    i.nrf_gpio_cfg      nrfx_uarte.o
    0x00000b30   0x00000b30   0x00000012   Code   RO          495    i.nrf_gpio_cfg_input  nrfx_uart.o
    0x00000b42   0x00000b42   0x00000012   Code   RO          695    i.nrf_gpio_cfg_input  nrfx_uarte.o
    0x00000b54   0x00000b54   0x00000014   Code   RO          496    i.nrf_gpio_cfg_output  nrfx_uart.o
    0x00000b68   0x00000b68   0x00000014   Code   RO          696    i.nrf_gpio_cfg_output  nrfx_uarte.o
    0x00000b7c   0x00000b7c   0x0000001c   Code   RO          497    i.nrf_gpio_pin_port_decode  nrfx_uart.o
    0x00000b98   0x00000b98   0x0000001c   Code   RO          697    i.nrf_gpio_pin_port_decode  nrfx_uarte.o
    0x00000bb4   0x00000bb4   0x00000014   Code   RO          498    i.nrf_gpio_pin_set  nrfx_uart.o
    0x00000bc8   0x00000bc8   0x00000014   Code   RO          698    i.nrf_gpio_pin_set  nrfx_uarte.o
    0x00000bdc   0x00000bdc   0x0000000a   Code   RO          499    i.nrf_uart_event_check  nrfx_uart.o
    0x00000be6   0x00000be6   0x0000000c   Code   RO          500    i.nrf_uart_event_clear  nrfx_uart.o
    0x00000bf2   0x00000bf2   0x0000000c   Code   RO          501    i.nrf_uart_int_enable_check  nrfx_uart.o
    0x00000bfe   0x00000bfe   0x0000000a   Code   RO          699    i.nrf_uarte_event_check  nrfx_uarte.o
    0x00000c08   0x00000c08   0x0000000c   Code   RO          700    i.nrf_uarte_event_clear  nrfx_uarte.o
    0x00000c14   0x00000c14   0x00000010   Code   RO          701    i.nrfx_is_in_ram    nrfx_uarte.o
    0x00000c24   0x00000c24   0x00000030   Code   RO          414    i.nrfx_prs_acquire  nrfx_prs.o
    0x00000c54   0x00000c54   0x00000010   Code   RO          502    i.nrfx_uart_0_irq_handler  nrfx_uart.o
    0x00000c64   0x00000c64   0x000000d4   Code   RO          504    i.nrfx_uart_init    nrfx_uart.o
    0x00000d38   0x00000d38   0x000000ec   Code   RO          505    i.nrfx_uart_rx      nrfx_uart.o
    0x00000e24   0x00000e24   0x000000a8   Code   RO          510    i.nrfx_uart_tx      nrfx_uart.o
    0x00000ecc   0x00000ecc   0x00000020   Code   RO          512    i.nrfx_uart_tx_in_progress  nrfx_uart.o
    0x00000eec   0x00000eec   0x00000010   Code   RO          702    i.nrfx_uarte_0_irq_handler  nrfx_uarte.o
    0x00000efc   0x00000efc   0x0000006c   Code   RO          704    i.nrfx_uarte_init   nrfx_uarte.o
    0x00000f68   0x00000f68   0x00000104   Code   RO          705    i.nrfx_uarte_rx     nrfx_uarte.o
    0x0000106c   0x0000106c   0x000000ac   Code   RO          708    i.nrfx_uarte_tx     nrfx_uarte.o
    0x00001118   0x00001118   0x0000001c   Code   RO          710    i.nrfx_uarte_tx_in_progress  nrfx_uarte.o
    0x00001134   0x00001134   0x00000018   Code   RO          416    i.prs_box_get       nrfx_prs.o
    0x0000114c   0x0000114c   0x00000032   Code   RO          514    i.rx_byte           nrfx_uart.o
    0x0000117e   0x0000117e   0x00000016   Code   RO          515    i.rx_done_event     nrfx_uart.o
    0x00001194   0x00001194   0x00000016   Code   RO          712    i.rx_done_event     nrfx_uarte.o
    0x000011aa   0x000011aa   0x00000020   Code   RO          516    i.rx_enable         nrfx_uart.o
    0x000011ca   0x000011ca   0x00000020   Code   RO          517    i.tx_byte           nrfx_uart.o
    0x000011ea   0x000011ea   0x0000001a   Code   RO          518    i.tx_done_event     nrfx_uart.o
    0x00001204   0x00001204   0x0000001a   Code   RO          713    i.tx_done_event     nrfx_uarte.o
    0x0000121e   0x0000121e   0x00000012   Code   RO          176    i.uart_error_handle  global.o
    0x00001230   0x00001230   0x000000a4   Code   RO         1064    i.uart_event_handler  app_uart_fifo.o
    0x000012d4   0x000012d4   0x00000030   Code   RO          222    i.uart_evt_handler  nrf_drv_uart.o
    0x00001304   0x00001304   0x0000012a   Code   RO          519    i.uart_irq_handler  nrfx_uart.o
    0x0000142e   0x0000142e   0x00000002   PAD
    0x00001430   0x00001430   0x00000030   Code   RO          223    i.uarte_evt_handler  nrf_drv_uart.o
    0x00001460   0x00001460   0x00000112   Code   RO          714    i.uarte_irq_handler  nrfx_uarte.o
    0x00001572   0x00001572   0x0000000a   Code   RO         1879    x$fpl$fpinit        fz_wm.l(fpinit.o)
    0x0000157c   0x0000157c   0x00000004   PAD
    0x00001580   0x00001580   0x00000006   Data   RO            5    .constdata          main.o
    0x00001586   0x00001586   0x00000002   PAD
    0x00001588   0x00001588   0x00000018   Data   RO          178    .constdata          global.o
    0x000015a0   0x000015a0   0x00000004   Data   RO          522    .constdata          nrfx_uart.o
    0x000015a4   0x000015a4   0x00000004   Data   RO          717    .constdata          nrfx_uarte.o
    0x000015a8   0x000015a8   0x00000020   Data   RO         1066    .constdata          app_uart_fifo.o
    0x000015c8   0x000015c8   0x00000020   Data   RO         1949    Region$$Table       anon$$obj.o


    Execution Region RW_IRAM1 (Exec base: 0x20000000, Load base: 0x000015e8, Size: 0x00004318, Max: 0x00020000, ABSOLUTE)

    Exec Addr    Load Addr    Size         Type   Attr      Idx    E Section Name        Object

    0x20000000   0x000015e8   0x00000014   Data   RW          224    .data               nrf_drv_uart.o
    0x20000014   0x000015fc   0x00000008   Data   RW          418    .data               nrfx_prs.o
    0x2000001c   0x00001604   0x0000001c   Data   RW         1067    .data               app_uart_fifo.o
    0x20000038   0x00001620   0x00000004   Data   RW         1140    .data               app_util_platform.o
    0x2000003c   0x00001624   0x00000004   Data   RW         1660    .data               retarget.o
    0x20000040   0x00001628   0x00000004   Data   RW         1707    .data               system_nrf52.o
    0x20000044        -       0x00000200   Zero   RW          177    .bss                global.o
    0x20000244        -       0x0000002c   Zero   RW          520    .bss                nrfx_uart.o
    0x20000270        -       0x00000024   Zero   RW          715    .bss                nrfx_uarte.o
    0x20000294        -       0x00000020   Zero   RW         1065    .bss                app_uart_fifo.o
    0x200002b4        -       0x00000060   Zero   RW         1821    .bss                c_w.l(libspace.o)
    0x20000314   0x0000162c   0x00000004   PAD
    0x20000318        -       0x00002000   Zero   RW         1694    HEAP                arm_startup_nrf52833.o
    0x20002318        -       0x00002000   Zero   RW         1693    STACK               arm_startup_nrf52833.o


==============================================================================

Image component sizes


      Code (inc. data)   RO Data    RW Data    ZI Data      Debug   Object Name

        22          0          0          0          0       2221   app_error.o
         0          0          0          0          0        392   app_error_handler_keil.o
        48          8          0          0          0      30553   app_error_weak.o
       118          0          0          0          0       3850   app_fifo.o
       528         60         32         28         32      14086   app_uart_fifo.o
        44         10          0          4          0       2408   app_util_platform.o
        64         26        512          0      16384        920   arm_startup_nrf52833.o
       106         24         24          0        512       5756   global.o
       152         44          6          0          0      57223   main.o
       200         26          0         20          0      13580   nrf_drv_uart.o
        84         16          0          8          0       2761   nrfx_prs.o
      1412         44          4          0         44      59035   nrfx_uart.o
      1334         42          4          0         36      22261   nrfx_uarte.o
        14          0          0          4          0       2322   retarget.o
       308         30          0          4          0      29105   system_nrf52.o

    ----------------------------------------------------------------------
      4438        330        616         68      17008     246473   Object Totals
         0          0         32          0          0          0   (incl. Generated)
         4          0          2          0          0          0   (incl. Padding)

    ----------------------------------------------------------------------

      Code (inc. data)   RO Data    RW Data    ZI Data      Debug   Library Member Name

         8          0          0          0          0         68   __main.o
        40          0          0          0          0         84   __printf_nopercent.o
         0          0          0          0          0          0   __rtentry.o
        12          0          0          0          0          0   __rtentry2.o
         6          0          0          0          0          0   __rtentry4.o
        52          8          0          0          0          0   __scatter.o
        26          0          0          0          0          0   __scatter_copy.o
        28          0          0          0          0          0   __scatter_zi.o
        48          6          0          0          0         96   _printf_char_common.o
        36          4          0          0          0         80   _printf_char_file.o
        18          0          0          0          0         80   exit.o
         8          0          0          0          0         68   ferror.o
         6          0          0          0          0        152   heapauxi.o
         0          0          0          0          0          0   indicate_semi.o
         2          0          0          0          0          0   libinit.o
         6          0          0          0          0          0   libinit2.o
         2          0          0          0          0          0   libshutdown.o
         2          0          0          0          0          0   libshutdown2.o
         8          4          0          0         96         68   libspace.o
        24          4          0          0          0         84   noretval__2printf.o
       100          0          0          0          0         80   rt_memcpy_w.o
         2          0          0          0          0          0   rtexit.o
        10          0          0          0          0          0   rtexit2.o
        12          4          0          0          0         68   sys_exit.o
        74          0          0          0          0         80   sys_stackheap_outer.o
         2          0          0          0          0         68   use_no_semi.o
        10          0          0          0          0        116   fpinit.o

    ----------------------------------------------------------------------
       554         30          0          0        100       1192   Library Totals
        12          0          0          0          4          0   (incl. Padding)

    ----------------------------------------------------------------------

      Code (inc. data)   RO Data    RW Data    ZI Data      Debug   Library Name

       532         30          0          0         96       1076   c_w.l
        10          0          0          0          0        116   fz_wm.l

    ----------------------------------------------------------------------
       554         30          0          0        100       1192   Library Totals

    ----------------------------------------------------------------------

==============================================================================


      Code (inc. data)   RO Data    RW Data    ZI Data      Debug   

      4992        360        616         68      17108     240897   Grand Totals
      4992        360        616         68      17108     240897   ELF Image Totals
      4992        360        616         68          0          0   ROM Totals

==============================================================================

    Total RO  Size (Code + RO Data)                 5608 (   5.48kB)
    Total RW  Size (RW Data + ZI Data)             17176 (  16.77kB)
    Total ROM Size (Code + RO Data + RW Data)       5676 (   5.54kB)

==============================================================================

